Archive member included to satisfy reference by file (symbol)

C:/Users/sanfr/.mcuxpressotools/arm-gnu-toolchain-14.2.rel1-mingw-w64-x86_64-arm-none-eabi/bin/../lib/gcc/arm-none-eabi/14.2.1/thumb/v6-m/nofp\libgcc.a(_udivsi3.o)
                              CMakeFiles/new_project.elf.dir/D_/Col/UTN/curso-lse/trabajo_integrador/integrador_final/Codigo/wrappers.c.obj (__aeabi_uidiv)
C:/Users/sanfr/.mcuxpressotools/arm-gnu-toolchain-14.2.rel1-mingw-w64-x86_64-arm-none-eabi/bin/../lib/gcc/arm-none-eabi/14.2.1/thumb/v6-m/nofp\libgcc.a(_divsi3.o)
                              CMakeFiles/new_project.elf.dir/D_/Col/UTN/curso-lse/trabajo_integrador/integrador_final/Codigo/app_tasks.c.obj (__aeabi_idiv)
C:/Users/sanfr/.mcuxpressotools/arm-gnu-toolchain-14.2.rel1-mingw-w64-x86_64-arm-none-eabi/bin/../lib/gcc/arm-none-eabi/14.2.1/thumb/v6-m/nofp\libgcc.a(_dvmd_tls.o)
                              C:/Users/sanfr/.mcuxpressotools/arm-gnu-toolchain-14.2.rel1-mingw-w64-x86_64-arm-none-eabi/bin/../lib/gcc/arm-none-eabi/14.2.1/thumb/v6-m/nofp\libgcc.a(_udivsi3.o) (__aeabi_idiv0)
C:/Users/sanfr/.mcuxpressotools/arm-gnu-toolchain-14.2.rel1-mingw-w64-x86_64-arm-none-eabi/bin/../lib/gcc/arm-none-eabi/14.2.1/thumb/v6-m/nofp\libgcc.a(_aeabi_uldivmod.o)
                              CMakeFiles/new_project.elf.dir/D_/Col/UTN/curso-lse/trabajo_integrador/integrador_final/sdks/Codigo_sdk/devices/LPC845/drivers/fsl_clock.c.obj (__aeabi_uldivmod)
C:/Users/sanfr/.mcuxpressotools/arm-gnu-toolchain-14.2.rel1-mingw-w64-x86_64-arm-none-eabi/bin/../lib/gcc/arm-none-eabi/14.2.1/thumb/v6-m/nofp\libgcc.a(_muldi3.o)
                              CMakeFiles/new_project.elf.dir/D_/Col/UTN/curso-lse/trabajo_integrador/integrador_final/sdks/Codigo_sdk/devices/LPC845/drivers/fsl_common_arm.c.obj (__aeabi_lmul)
C:/Users/sanfr/.mcuxpressotools/arm-gnu-toolchain-14.2.rel1-mingw-w64-x86_64-arm-none-eabi/bin/../lib/gcc/arm-none-eabi/14.2.1/thumb/v6-m/nofp\libgcc.a(_fixunssfsi.o)
                              CMakeFiles/new_project.elf.dir/D_/Col/UTN/curso-lse/trabajo_integrador/integrador_final/Codigo/app_tasks.c.obj (__aeabi_f2uiz)
C:/Users/sanfr/.mcuxpressotools/arm-gnu-toolchain-14.2.rel1-mingw-w64-x86_64-arm-none-eabi/bin/../lib/gcc/arm-none-eabi/14.2.1/thumb/v6-m/nofp\libgcc.a(_fixunsdfsi.o)
                              CMakeFiles/new_project.elf.dir/D_/Col/UTN/curso-lse/trabajo_integrador/integrador_final/Codigo/app_tasks.c.obj (__aeabi_d2uiz)
C:/Users/sanfr/.mcuxpressotools/arm-gnu-toolchain-14.2.rel1-mingw-w64-x86_64-arm-none-eabi/bin/../lib/gcc/arm-none-eabi/14.2.1/thumb/v6-m/nofp\libgcc.a(_udivmoddi4.o)
                              C:/Users/sanfr/.mcuxpressotools/arm-gnu-toolchain-14.2.rel1-mingw-w64-x86_64-arm-none-eabi/bin/../lib/gcc/arm-none-eabi/14.2.1/thumb/v6-m/nofp\libgcc.a(_aeabi_uldivmod.o) (__udivmoddi4)
C:/Users/sanfr/.mcuxpressotools/arm-gnu-toolchain-14.2.rel1-mingw-w64-x86_64-arm-none-eabi/bin/../lib/gcc/arm-none-eabi/14.2.1/thumb/v6-m/nofp\libgcc.a(subsf3.o)
                              C:/Users/sanfr/.mcuxpressotools/arm-gnu-toolchain-14.2.rel1-mingw-w64-x86_64-arm-none-eabi/bin/../lib/gcc/arm-none-eabi/14.2.1/thumb/v6-m/nofp\libgcc.a(_fixunssfsi.o) (__aeabi_fsub)
C:/Users/sanfr/.mcuxpressotools/arm-gnu-toolchain-14.2.rel1-mingw-w64-x86_64-arm-none-eabi/bin/../lib/gcc/arm-none-eabi/14.2.1/thumb/v6-m/nofp\libgcc.a(fixsfsi.o)
                              C:/Users/sanfr/.mcuxpressotools/arm-gnu-toolchain-14.2.rel1-mingw-w64-x86_64-arm-none-eabi/bin/../lib/gcc/arm-none-eabi/14.2.1/thumb/v6-m/nofp\libgcc.a(_fixunssfsi.o) (__aeabi_f2iz)
C:/Users/sanfr/.mcuxpressotools/arm-gnu-toolchain-14.2.rel1-mingw-w64-x86_64-arm-none-eabi/bin/../lib/gcc/arm-none-eabi/14.2.1/thumb/v6-m/nofp\libgcc.a(divdf3.o)
                              CMakeFiles/new_project.elf.dir/D_/Col/UTN/curso-lse/trabajo_integrador/integrador_final/Codigo/wrappers.c.obj (__aeabi_ddiv)
C:/Users/sanfr/.mcuxpressotools/arm-gnu-toolchain-14.2.rel1-mingw-w64-x86_64-arm-none-eabi/bin/../lib/gcc/arm-none-eabi/14.2.1/thumb/v6-m/nofp\libgcc.a(muldf3.o)
                              CMakeFiles/new_project.elf.dir/D_/Col/UTN/curso-lse/trabajo_integrador/integrador_final/Codigo/app_tasks.c.obj (__aeabi_dmul)
C:/Users/sanfr/.mcuxpressotools/arm-gnu-toolchain-14.2.rel1-mingw-w64-x86_64-arm-none-eabi/bin/../lib/gcc/arm-none-eabi/14.2.1/thumb/v6-m/nofp\libgcc.a(subdf3.o)
                              CMakeFiles/new_project.elf.dir/D_/Col/UTN/curso-lse/trabajo_integrador/integrador_final/Codigo/app_tasks.c.obj (__aeabi_dsub)
C:/Users/sanfr/.mcuxpressotools/arm-gnu-toolchain-14.2.rel1-mingw-w64-x86_64-arm-none-eabi/bin/../lib/gcc/arm-none-eabi/14.2.1/thumb/v6-m/nofp\libgcc.a(fixdfsi.o)
                              C:/Users/sanfr/.mcuxpressotools/arm-gnu-toolchain-14.2.rel1-mingw-w64-x86_64-arm-none-eabi/bin/../lib/gcc/arm-none-eabi/14.2.1/thumb/v6-m/nofp\libgcc.a(_fixunsdfsi.o) (__aeabi_d2iz)
[...]
Memory Configuration

Name             Origin             Length             Attributes
m_interrupts     0x00000000         0x00000200         xr
m_crp            0x000002fc         0x00000004         xr
m_text           0x00000300         0x0000fd00         xr
m_data           0x10000000         0x00003fe0         rw
*default*        0x00000000         0xffffffff

Linker script and memory map

LOAD C:/Users/sanfr/.mcuxpressotools/arm-gnu-toolchain-14.2.rel1-mingw-w64-x86_64-arm-none-eabi/bin/../lib/gcc/arm-none-eabi/14.2.1/thumb/v6-m/nofp/crti.o
LOAD C:/Users/sanfr/.mcuxpressotools/arm-gnu-toolchain-14.2.rel1-mingw-w64-x86_64-arm-none-eabi/bin/../lib/gcc/arm-none-eabi/14.2.1/thumb/v6-m/nofp/crtbegin.o
LOAD C:/Users/sanfr/.mcuxpressotools/arm-gnu-toolchain-14.2.rel1-mingw-w64-x86_64-arm-none-eabi/bin/../lib/gcc/arm-none-eabi/14.2.1/thumb/v6-m/nofp/crt0.o
LOAD CMakeFiles/new_project.elf.dir/D_/Col/UTN/curso-lse/trabajo_integrador/integrador_final/Codigo/main.c.obj
LOAD CMakeFiles/new_project.elf.dir/D_/Col/UTN/curso-lse/trabajo_integrador/integrador_final/Codigo/board.c.obj
LOAD CMakeFiles/new_project.elf.dir/D_/Col/UTN/curso-lse/trabajo_integrador/integrador_final/Codigo/clock_config.c.obj
LOAD CMakeFiles/new_project.elf.dir/D_/Col/UTN/curso-lse/trabajo_integrador/integrador_final/Codigo/wrappers.c.obj
LOAD CMakeFiles/new_project.elf.dir/D_/Col/UTN/curso-lse/trabajo_integrador/integrador_final/Codigo/app_tasks.c.obj
LOAD CMakeFiles/new_project.elf.dir/D_/Col/UTN/curso-lse/trabajo_integrador/integrador_final/Codigo/isr.c.obj
LOAD CMakeFiles/new_project.elf.dir/D_/Col/UTN/curso-lse/trabajo_integrador/integrador_final/sdks/Codigo_sdk/components/uart/fsl_adapter_miniusart.c.obj
LOAD CMakeFiles/new_project.elf.dir/D_/Col/UTN/curso-lse/trabajo_integrador/integrador_final/sdks/Codigo_sdk/devices/LPC845/gcc/startup_LPC845.S.obj
LOAD CMakeFiles/new_project.elf.dir/D_/Col/UTN/curso-lse/trabajo_integrador/integrador_final/sdks/Codigo_sdk/devices/LPC845/system_LPC845.c.obj
LOAD CMakeFiles/new_project.elf.dir/D_/Col/UTN/curso-lse/trabajo_integrador/integrador_final/sdks/Codigo_sdk/devices/LPC845/drivers/fsl_clock.c.obj
LOAD CMakeFiles/new_project.elf.dir/D_/Col/UTN/curso-lse/trabajo_integrador/integrador_final/sdks/Codigo_sdk/devices/LPC845/drivers/fsl_common.c.obj
LOAD CMakeFiles/new_project.elf.dir/D_/Col/UTN/curso-lse/trabajo_integrador/integrador_final/sdks/Codigo_sdk/devices/LPC845/drivers/fsl_common_arm.c.obj
LOAD CMakeFiles/new_project.elf.dir/D_/Col/UTN/curso-lse/trabajo_integrador/integrador_final/sdks/Codigo_sdk/devices/LPC845/drivers/fsl_inputmux.c.obj
LOAD CMakeFiles/new_project.elf.dir/D_/Col/UTN/curso-lse/trabajo_integrador/integrador_final/sdks/Codigo_sdk/devices/LPC845/drivers/fsl_adc.c.obj
LOAD CMakeFiles/new_project.elf.dir/D_/Col/UTN/curso-lse/trabajo_integrador/integrador_final/sdks/Codigo_sdk/devices/LPC845/drivers/fsl_gpio.c.obj
LOAD CMakeFiles/new_project.elf.dir/D_/Col/UTN/curso-lse/trabajo_integrador/integrador_final/sdks/Codigo_sdk/devices/LPC845/drivers/fsl_i2c.c.obj
LOAD CMakeFiles/new_project.elf.dir/D_/Col/UTN/curso-lse/trabajo_integrador/integrador_final/sdks/Codigo_sdk/devices/LPC845/drivers/fsl_usart.c.obj
LOAD CMakeFiles/new_project.elf.dir/D_/Col/UTN/curso-lse/trabajo_integrador/integrador_final/sdks/Codigo_sdk/devices/LPC845/drivers/fsl_power.c.obj
LOAD CMakeFiles/new_project.elf.dir/D_/Col/UTN/curso-lse/trabajo_integrador/integrador_final/sdks/Codigo_sdk/devices/LPC845/drivers/fsl_reset.c.obj
LOAD CMakeFiles/new_project.elf.dir/D_/Col/UTN/curso-lse/trabajo_integrador/integrador_final/sdks/Codigo_sdk/devices/LPC845/drivers/fsl_sctimer.c.obj
LOAD CMakeFiles/new_project.elf.dir/D_/Col/UTN/curso-lse/trabajo_integrador/integrador_final/sdks/Codigo_sdk/devices/LPC845/drivers/fsl_swm.c.obj
LOAD CMakeFiles/new_project.elf.dir/D_/Col/UTN/curso-lse/trabajo_integrador/integrador_final/sdks/Codigo_sdk/devices/LPC845/drivers/fsl_syscon.c.obj
LOAD CMakeFiles/new_project.elf.dir/D_/Col/UTN/curso-lse/trabajo_integrador/integrador_final/sdks/Codigo_sdk/devices/LPC845/utilities/fsl_syscall_stub.c.obj
LOAD CMakeFiles/new_project.elf.dir/D_/Col/UTN/curso-lse/trabajo_integrador/integrador_final/sdks/Codigo_sdk/devices/LPC845/utilities/fsl_sbrk.c.obj
LOAD CMakeFiles/new_project.elf.dir/D_/Col/UTN/curso-lse/trabajo_integrador/integrador_final/sdks/Codigo_sdk/devices/LPC845/utilities/debug_console_lite/fsl_assert.c.obj
LOAD CMakeFiles/new_project.elf.dir/D_/Col/UTN/curso-lse/trabajo_integrador/integrador_final/sdks/Codigo_sdk/devices/LPC845/utilities/debug_console_lite/fsl_debug_console.c.obj
LOAD CMakeFiles/new_project.elf.dir/D_/Col/UTN/curso-lse/trabajo_integrador/integrador_final/sdks/Codigo_sdk/devices/LPC845/utilities/str/fsl_str.c.obj
START GROUP
LOAD C:/Users/sanfr/.mcuxpressotools/arm-gnu-toolchain-14.2.rel1-mingw-w64-x86_64-arm-none-eabi/bin/../lib/gcc/arm-none-eabi/14.2.1/thumb/v6-m/nofp\libgcc.a
LOAD C:/Users/sanfr/.mcuxpressotools/arm-gnu-toolchain-14.2.rel1-mingw-w64-x86_64-arm-none-eabi/bin/../lib/gcc/arm-none-eabi/14.2.1/thumb/v6-m/nofp\libc_nano.a
LOAD C:/Users/sanfr/.mcuxpressotools/arm-gnu-toolchain-14.2.rel1-mingw-w64-x86_64-arm-none-eabi/bin/../lib/gcc/arm-none-eabi/14.2.1/thumb/v6-m/nofp\libm.a
LOAD C:/Users/sanfr/.mcuxpressotools/arm-gnu-toolchain-14.2.rel1-mingw-w64-x86_64-arm-none-eabi/bin/../lib/gcc/arm-none-eabi/14.2.1/../../../../arm-none-eabi/lib/thumb/v6-m/nofp\libcr_newlib_nohost.a
LOAD freertos/libfreertos.a
END GROUP
START GROUP
LOAD C:/Users/sanfr/.mcuxpressotools/arm-gnu-toolchain-14.2.rel1-mingw-w64-x86_64-arm-none-eabi/bin/../lib/gcc/arm-none-eabi/14.2.1/thumb/v6-m/nofp\libgcc.a
LOAD C:/Users/sanfr/.mcuxpressotools/arm-gnu-toolchain-14.2.rel1-mingw-w64-x86_64-arm-none-eabi/bin/../lib/gcc/arm-none-eabi/14.2.1/thumb/v6-m/nofp\libg_nano.a
LOAD C:/Users/sanfr/.mcuxpressotools/arm-gnu-toolchain-14.2.rel1-mingw-w64-x86_64-arm-none-eabi/bin/../lib/gcc/arm-none-eabi/14.2.1/thumb/v6-m/nofp\libc_nano.a
END GROUP
START GROUP
LOAD C:/Users/sanfr/.mcuxpressotools/arm-gnu-toolchain-14.2.rel1-mingw-w64-x86_64-arm-none-eabi/bin/../lib/gcc/arm-none-eabi/14.2.1/thumb/v6-m/nofp\libgcc.a
LOAD C:/Users/sanfr/.mcuxpressotools/arm-gnu-toolchain-14.2.rel1-mingw-w64-x86_64-arm-none-eabi/bin/../lib/gcc/arm-none-eabi/14.2.1/thumb/v6-m/nofp\libc_nano.a
LOAD C:/Users/sanfr/.mcuxpressotools/arm-gnu-toolchain-14.2.rel1-mingw-w64-x86_64-arm-none-eabi/bin/../lib/gcc/arm-none-eabi/14.2.1/thumb/v6-m/nofp\libnosys.a
END GROUP
START GROUP
LOAD C:/Users/sanfr/.mcuxpressotools/arm-gnu-toolchain-14.2.rel1-mingw-w64-x86_64-arm-none-eabi/bin/../lib/gcc/arm-none-eabi/14.2.1/thumb/v6-m/nofp\libgcc.a
LOAD C:/Users/sanfr/.mcuxpressotools/arm-gnu-toolchain-14.2.rel1-mingw-w64-x86_64-arm-none-eabi/bin/../lib/gcc/arm-none-eabi/14.2.1/thumb/v6-m/nofp\libc_nano.a
LOAD C:/Users/sanfr/.mcuxpressotools/arm-gnu-toolchain-14.2.rel1-mingw-w64-x86_64-arm-none-eabi/bin/../lib/gcc/arm-none-eabi/14.2.1/thumb/v6-m/nofp\libnosys.a
END GROUP
LOAD C:/Users/sanfr/.mcuxpressotools/arm-gnu-toolchain-14.2.rel1-mingw-w64-x86_64-arm-none-eabi/bin/../lib/gcc/arm-none-eabi/14.2.1/thumb/v6-m/nofp/crtend.o
LOAD C:/Users/sanfr/.mcuxpressotools/arm-gnu-toolchain-14.2.rel1-mingw-w64-x86_64-arm-none-eabi/bin/../lib/gcc/arm-none-eabi/14.2.1/thumb/v6-m/nofp/crtn.o
                0x00000400                        HEAP_SIZE = DEFINED (__heap_size__)?__heap_size__:0x400
                0x00000800                        STACK_SIZE = DEFINED (__stack_size__)?__stack_size__:0x800
                0xefffb4f9                        __valid_user_code_checksum = (0x0 - ((((__StackTop + Reset_Handler) + NMI_Handler) + HardFault_Handler) + 0x3))

.interrupts     0x00000000       0xc0
                0x00000000                        . = ALIGN (0x4)
 *(.isr_vector)
 .isr_vector    0x00000000       0xc0 CMakeFiles/new_project.elf.dir/D_/Col/UTN/curso-lse/trabajo_integrador/integrador_final/sdks/Codigo_sdk/devices/LPC845/gcc/startup_LPC845.S.obj
                0x00000000                __Vectors
                0x000000c0                        . = ALIGN (0x4)

.crp            0x000002fc        0x4
                0x000002fc                        . = ALIGN (0x4)
 *(.crp)
 .crp           0x000002fc        0x4 CMakeFiles/new_project.elf.dir/D_/Col/UTN/curso-lse/trabajo_integrador/integrador_final/sdks/Codigo_sdk/devices/LPC845/gcc/startup_LPC845.S.obj
                0x00000300                        . = ALIGN (0x4)

.text           0x00000300     0xa96c
                0x00000300                        . = ALIGN (0x4)
 *(.text)
 .text          0x00000300       0x80 C:/Users/sanfr/.mcuxpressotools/arm-gnu-toolchain-14.2.rel1-mingw-w64-x86_64-arm-none-eabi/bin/../lib/gcc/arm-none-eabi/14.2.1/thumb/v6-m/nofp/crt0.o
                0x00000300                _stack_init
                0x0000030c                _start
                0x0000030c                _mainCRTStartup
 .text          0x00000380      0x17c CMakeFiles/new_project.elf.dir/D_/Col/UTN/curso-lse/trabajo_integrador/integrador_final/sdks/Codigo_sdk/devices/LPC845/gcc/startup_LPC845.S.obj
                0x00000380                Reset_Handler
                0x000003cc                WDT_DriverIRQHandler
                0x000003cc                ADC0_OVR_DriverIRQHandler
                0x000003cc                BOD_DriverIRQHandler
                0x000003cc                DMA0_DriverIRQHandler
                0x000003cc                CTIMER0_DriverIRQHandler
                0x000003cc                SPI1_DriverIRQHandler
                0x000003cc                ADC0_SEQB_DriverIRQHandler
                0x000003cc                FLASH_DriverIRQHandler
                0x000003cc                Reserved22_DriverIRQHandler
                0x000003cc                I2C3_DriverIRQHandler
                0x000003cc                DefaultISR
                0x000003cc                PIN_INT3_DriverIRQHandler
                0x000003cc                PIN_INT5_DAC1_DriverIRQHandler
                0x000003cc                PIN_INT2_DriverIRQHandler
                0x000003cc                ADC0_THCMP_DriverIRQHandler
                0x000003cc                PIN_INT0_DriverIRQHandler
                0x000003cc                CMP_CAPT_DriverIRQHandler
                0x000003cc                PIN_INT1_DriverIRQHandler
                0x000003cc                SPI0_DriverIRQHandler
                0x000003cc                WKT_DriverIRQHandler
                0x000003cc                DAC0_DriverIRQHandler
                0x000003cc                MRT0_DriverIRQHandler
                0x000003cc                PIN_INT4_DriverIRQHandler
                0x000003cc                ADC0_SEQA_DriverIRQHandler
                0x000003d0                NMI_Handler
                0x000003d4                HardFault_Handler
                0x000003e4                SPI0_IRQHandler
                0x000003e8                SPI1_IRQHandler
                0x000003ec                DAC0_IRQHandler
                0x000003f0                USART0_IRQHandler
                0x000003f4                USART1_IRQHandler
                0x000003f8                USART2_IRQHandler
                0x000003fc                Reserved22_IRQHandler
                0x00000400                I2C1_IRQHandler
                0x00000404                I2C0_IRQHandler
                0x00000408                SCT0_IRQHandler
                0x0000040c                MRT0_IRQHandler
                0x00000410                CMP_CAPT_IRQHandler
                0x00000414                WDT_IRQHandler
                0x00000418                BOD_IRQHandler
                0x0000041c                FLASH_IRQHandler
                0x00000420                WKT_IRQHandler
                0x00000428                ADC0_SEQB_IRQHandler
                0x0000042c                ADC0_THCMP_IRQHandler
                0x00000430                ADC0_OVR_IRQHandler
                0x00000434                DMA0_IRQHandler
                0x00000438                I2C2_IRQHandler
                0x0000043c                I2C3_IRQHandler
                0x00000440                CTIMER0_IRQHandler
                0x00000444                PIN_INT0_IRQHandler
                0x00000448                PIN_INT1_IRQHandler
                0x0000044c                PIN_INT2_IRQHandler
                0x00000450                PIN_INT3_IRQHandler
                0x00000454                PIN_INT4_IRQHandler
                0x00000458                PIN_INT5_DAC1_IRQHandler
                0x0000045c                PIN_INT6_USART3_IRQHandler
                0x00000460                PIN_INT7_USART4_IRQHandler
 .text          0x000004fc      0x114 C:/Users/sanfr/.mcuxpressotools/arm-gnu-toolchain-14.2.rel1-mingw-w64-x86_64-arm-none-eabi/bin/../lib/gcc/arm-none-eabi/14.2.1/thumb/v6-m/nofp\libgcc.a(_udivsi3.o)
                0x000004fc                __aeabi_uidiv
                0x000004fc                __udivsi3
                0x00000608                __aeabi_uidivmod
 .text          0x00000610      0x1d4 C:/Users/sanfr/.mcuxpressotools/arm-gnu-toolchain-14.2.rel1-mingw-w64-x86_64-arm-none-eabi/bin/../lib/gcc/arm-none-eabi/14.2.1/thumb/v6-m/nofp\libgcc.a(_divsi3.o)
                0x00000610                __divsi3
                0x00000610                __aeabi_idiv
                0x000007dc                __aeabi_idivmod
 .text          0x000007e4        0x4 C:/Users/sanfr/.mcuxpressotools/arm-gnu-toolchain-14.2.rel1-mingw-w64-x86_64-arm-none-eabi/bin/../lib/gcc/arm-none-eabi/14.2.1/thumb/v6-m/nofp\libgcc.a(_dvmd_tls.o)
                0x000007e4                __aeabi_idiv0
                0x000007e4                __aeabi_ldiv0
 .text          0x000007e8       0x40 C:/Users/sanfr/.mcuxpressotools/arm-gnu-toolchain-14.2.rel1-mingw-w64-x86_64-arm-none-eabi/bin/../lib/gcc/arm-none-eabi/14.2.1/thumb/v6-m/nofp\libgcc.a(_aeabi_uldivmod.o)
                0x000007e8                __aeabi_uldivmod
 .text          0x00000828       0x7c C:/Users/sanfr/.mcuxpressotools/arm-gnu-toolchain-14.2.rel1-mingw-w64-x86_64-arm-none-eabi/bin/../lib/gcc/arm-none-eabi/14.2.1/thumb/v6-m/nofp\libgcc.a(_arm_cmpdf2.o)
                0x00000828                __aeabi_cdrcmple
                0x00000838                __aeabi_cdcmple
                0x00000838                __aeabi_cdcmpeq
                0x00000848                __aeabi_dcmpeq
                0x00000854                __aeabi_dcmplt
                0x00000868                __aeabi_dcmple
                0x0000087c                __aeabi_dcmpgt
                0x00000890                __aeabi_dcmpge
 .text          0x000008a4       0x74 C:/Users/sanfr/.mcuxpressotools/arm-gnu-toolchain-14.2.rel1-mingw-w64-x86_64-arm-none-eabi/bin/../lib/gcc/arm-none-eabi/14.2.1/thumb/v6-m/nofp\libgcc.a(_arm_cmpsf2.o)
                0x000008a4                __aeabi_cfrcmple
                0x000008ac                __aeabi_cfcmpeq
                0x000008ac                __aeabi_cfcmple
                0x000008bc                __aeabi_fcmpeq
                0x000008c8                __aeabi_fcmplt
                0x000008dc                __aeabi_fcmple
                0x000008f0                __aeabi_fcmpgt
                0x00000904                __aeabi_fcmpge
 .text          0x00000918       0x3c C:/Users/sanfr/.mcuxpressotools/arm-gnu-toolchain-14.2.rel1-mingw-w64-x86_64-arm-none-eabi/bin/../lib/gcc/arm-none-eabi/14.2.1/thumb/v6-m/nofp\libgcc.a(_clzsi2.o)
                0x00000918                __clzsi2
 .text          0x00000954       0x18 C:/Users/sanfr/.mcuxpressotools/arm-gnu-toolchain-14.2.rel1-mingw-w64-x86_64-arm-none-eabi/bin/../lib/gcc/arm-none-eabi/14.2.1/thumb/v6-m/nofp\libgcc.a(_clzdi2.o)
                0x00000954                __clzdi2
 .text          0x0000096c        0xe C:/Users/sanfr/.mcuxpressotools/arm-gnu-toolchain-14.2.rel1-mingw-w64-x86_64-arm-none-eabi/bin/../lib/gcc/arm-none-eabi/14.2.1/thumb/v6-m/nofp\libc_nano.a(libc_a-strlen.o)
                0x0000096c                strlen
 *(.text*)
 *fill*         0x0000097a        0x2 
 .text.deregister_tm_clones
                0x0000097c       0x20 C:/Users/sanfr/.mcuxpressotools/arm-gnu-toolchain-14.2.rel1-mingw-w64-x86_64-arm-none-eabi/bin/../lib/gcc/arm-none-eabi/14.2.1/thumb/v6-m/nofp/crtbegin.o
 .text.register_tm_clones
                0x0000099c       0x28 C:/Users/sanfr/.mcuxpressotools/arm-gnu-toolchain-14.2.rel1-mingw-w64-x86_64-arm-none-eabi/bin/../lib/gcc/arm-none-eabi/14.2.1/thumb/v6-m/nofp/crtbegin.o
 .text.__do_global_dtors_aux
                0x000009c4       0x2c C:/Users/sanfr/.mcuxpressotools/arm-gnu-toolchain-14.2.rel1-mingw-w64-x86_64-arm-none-eabi/bin/../lib/gcc/arm-none-eabi/14.2.1/thumb/v6-m/nofp/crtbegin.o
 .text.frame_dummy
                0x000009f0       0x24 C:/Users/sanfr/.mcuxpressotools/arm-gnu-toolchain-14.2.rel1-mingw-w64-x86_64-arm-none-eabi/bin/../lib/gcc/arm-none-eabi/14.2.1/thumb/v6-m/nofp/crtbegin.o
 .text.main     0x00000a14      0x154 CMakeFiles/new_project.elf.dir/D_/Col/UTN/curso-lse/trabajo_integrador/integrador_final/Codigo/main.c.obj
                0x00000a14                main
 .text.CLOCK_Select
                0x00000b68       0x38 CMakeFiles/new_project.elf.dir/D_/Col/UTN/curso-lse/trabajo_integrador/integrador_final/Codigo/board.c.obj
 .text.BOARD_InitDebugConsole
                0x00000ba0       0x58 CMakeFiles/new_project.elf.dir/D_/Col/UTN/curso-lse/trabajo_integrador/integrador_final/Codigo/board.c.obj
                0x00000ba0                BOARD_InitDebugConsole
 .text.CLOCK_Select
                0x00000bf8       0x38 CMakeFiles/new_project.elf.dir/D_/Col/UTN/curso-lse/trabajo_integrador/integrador_final/Codigo/clock_config.c.obj
 .text.CLOCK_SetCoreSysClkDiv
                0x00000c30       0x4c CMakeFiles/new_project.elf.dir/D_/Col/UTN/curso-lse/trabajo_integrador/integrador_final/Codigo/clock_config.c.obj
 .text.CLOCK_SetFroOscFreq
                0x00000c7c       0x24 CMakeFiles/new_project.elf.dir/D_/Col/UTN/curso-lse/trabajo_integrador/integrador_final/Codigo/clock_config.c.obj
 .text.POWER_DisablePD
                0x00000ca0       0x2c CMakeFiles/new_project.elf.dir/D_/Col/UTN/curso-lse/trabajo_integrador/integrador_final/Codigo/clock_config.c.obj
 .text.BOARD_BootClockFRO30M
                0x00000ccc       0x58 CMakeFiles/new_project.elf.dir/D_/Col/UTN/curso-lse/trabajo_integrador/integrador_final/Codigo/clock_config.c.obj
                0x00000ccc                BOARD_BootClockFRO30M
 .text.__NVIC_EnableIRQ
                0x00000d24       0x34 CMakeFiles/new_project.elf.dir/D_/Col/UTN/curso-lse/trabajo_integrador/integrador_final/Codigo/wrappers.c.obj
 .text.CLOCK_EnableClock
                0x00000d58       0x54 CMakeFiles/new_project.elf.dir/D_/Col/UTN/curso-lse/trabajo_integrador/integrador_final/Codigo/wrappers.c.obj
 .text.CLOCK_DisableClock
                0x00000dac       0x58 CMakeFiles/new_project.elf.dir/D_/Col/UTN/curso-lse/trabajo_integrador/integrador_final/Codigo/wrappers.c.obj
 .text.CLOCK_Select
                0x00000e04       0x38 CMakeFiles/new_project.elf.dir/D_/Col/UTN/curso-lse/trabajo_integrador/integrador_final/Codigo/wrappers.c.obj
 .text.CLOCK_SetClkDivider
                0x00000e3c       0x30 CMakeFiles/new_project.elf.dir/D_/Col/UTN/curso-lse/trabajo_integrador/integrador_final/Codigo/wrappers.c.obj
 .text.CLOCK_GetClkDivider
                0x00000e6c       0x2c CMakeFiles/new_project.elf.dir/D_/Col/UTN/curso-lse/trabajo_integrador/integrador_final/Codigo/wrappers.c.obj
 .text.GPIO_PinWrite
                0x00000e98       0x2c CMakeFiles/new_project.elf.dir/D_/Col/UTN/curso-lse/trabajo_integrador/integrador_final/Codigo/wrappers.c.obj
 .text.POWER_DisablePD
                0x00000ec4       0x2c CMakeFiles/new_project.elf.dir/D_/Col/UTN/curso-lse/trabajo_integrador/integrador_final/Codigo/wrappers.c.obj
 .text.ADC_EnableConvSeqA
                0x00000ef0       0x3a CMakeFiles/new_project.elf.dir/D_/Col/UTN/curso-lse/trabajo_integrador/integrador_final/Codigo/wrappers.c.obj
 .text.ADC_EnableInterrupts
                0x00000f2a       0x22 CMakeFiles/new_project.elf.dir/D_/Col/UTN/curso-lse/trabajo_integrador/integrador_final/Codigo/wrappers.c.obj
 .text.SCTIMER_StartTimer
                0x00000f4c      0x108 CMakeFiles/new_project.elf.dir/D_/Col/UTN/curso-lse/trabajo_integrador/integrador_final/Codigo/wrappers.c.obj
 .text.I2C_MasterRepeatedStart
                0x00001054       0x32 CMakeFiles/new_project.elf.dir/D_/Col/UTN/curso-lse/trabajo_integrador/integrador_final/Codigo/wrappers.c.obj
 *fill*         0x00001086        0x2 
 .text.wrapper_adc_init
                0x00001088       0xdc CMakeFiles/new_project.elf.dir/D_/Col/UTN/curso-lse/trabajo_integrador/integrador_final/Codigo/wrappers.c.obj
                0x00001088                wrapper_adc_init
 .text.wrapper_btn_init
                0x00001164       0x7c CMakeFiles/new_project.elf.dir/D_/Col/UTN/curso-lse/trabajo_integrador/integrador_final/Codigo/wrappers.c.obj
                0x00001164                wrapper_btn_init
 .text.wrapper_display_init
                0x000011e0       0x94 CMakeFiles/new_project.elf.dir/D_/Col/UTN/curso-lse/trabajo_integrador/integrador_final/Codigo/wrappers.c.obj
                0x000011e0                wrapper_display_init
 .text.wrapper_display_write
                0x00001274       0xc4 CMakeFiles/new_project.elf.dir/D_/Col/UTN/curso-lse/trabajo_integrador/integrador_final/Codigo/wrappers.c.obj
                0x00001274                wrapper_display_write
 .text.wrapper_pwm_init
                0x00001338      0x100 CMakeFiles/new_project.elf.dir/D_/Col/UTN/curso-lse/trabajo_integrador/integrador_final/Codigo/wrappers.c.obj
                0x00001338                wrapper_pwm_init
 .text.wrapper_pwm_update_led
                0x00001438       0x58 CMakeFiles/new_project.elf.dir/D_/Col/UTN/curso-lse/trabajo_integrador/integrador_final/Codigo/wrappers.c.obj
 .text.wrapper_pwm_update_bled
                0x00001490       0x2c CMakeFiles/new_project.elf.dir/D_/Col/UTN/curso-lse/trabajo_integrador/integrador_final/Codigo/wrappers.c.obj
                0x00001490                wrapper_pwm_update_bled
 .text.wrapper_pwm_update_rled
                0x000014bc       0x2c CMakeFiles/new_project.elf.dir/D_/Col/UTN/curso-lse/trabajo_integrador/integrador_final/Codigo/wrappers.c.obj
                0x000014bc                wrapper_pwm_update_rled
 .text.wrapper_i2c_init
                0x000014e8       0x6c CMakeFiles/new_project.elf.dir/D_/Col/UTN/curso-lse/trabajo_integrador/integrador_final/Codigo/wrappers.c.obj
                0x000014e8                wrapper_i2c_init
 .text.wrapper_bh1750_init
                0x00001554       0x60 CMakeFiles/new_project.elf.dir/D_/Col/UTN/curso-lse/trabajo_integrador/integrador_final/Codigo/wrappers.c.obj
                0x00001554                wrapper_bh1750_init
 .text.wrapper_bh1750_read
                0x000015b4       0x68 CMakeFiles/new_project.elf.dir/D_/Col/UTN/curso-lse/trabajo_integrador/integrador_final/Codigo/wrappers.c.obj
                0x000015b4                wrapper_bh1750_read
 .text.GPIO_PinWrite
                0x0000161c       0x2c CMakeFiles/new_project.elf.dir/D_/Col/UTN/curso-lse/trabajo_integrador/integrador_final/Codigo/app_tasks.c.obj
 .text.GPIO_PinRead
                0x00001648       0x24 CMakeFiles/new_project.elf.dir/D_/Col/UTN/curso-lse/trabajo_integrador/integrador_final/Codigo/app_tasks.c.obj
 .text.GPIO_PortToggle
                0x0000166c       0x26 CMakeFiles/new_project.elf.dir/D_/Col/UTN/curso-lse/trabajo_integrador/integrador_final/Codigo/app_tasks.c.obj
 .text.ADC_DoSoftwareTriggerConvSeqA
                0x00001692       0x1e CMakeFiles/new_project.elf.dir/D_/Col/UTN/curso-lse/trabajo_integrador/integrador_final/Codigo/app_tasks.c.obj
 .text.wrapper_gpio_init
                0x000016b0       0x24 CMakeFiles/new_project.elf.dir/D_/Col/UTN/curso-lse/trabajo_integrador/integrador_final/Codigo/app_tasks.c.obj
 .text.wrapper_btn_get
                0x000016d4       0x30 CMakeFiles/new_project.elf.dir/D_/Col/UTN/curso-lse/trabajo_integrador/integrador_final/Codigo/app_tasks.c.obj
 .text.wrapper_output_init
                0x00001704       0x3e CMakeFiles/new_project.elf.dir/D_/Col/UTN/curso-lse/trabajo_integrador/integrador_final/Codigo/app_tasks.c.obj
 .text.wrapper_gpio_get_port
                0x00001742       0x1a CMakeFiles/new_project.elf.dir/D_/Col/UTN/curso-lse/trabajo_integrador/integrador_final/Codigo/app_tasks.c.obj
 .text.wrapper_gpio_get_pin
                0x0000175c       0x1a CMakeFiles/new_project.elf.dir/D_/Col/UTN/curso-lse/trabajo_integrador/integrador_final/Codigo/app_tasks.c.obj
 .text.wrapper_output_toggle
                0x00001776       0x46 CMakeFiles/new_project.elf.dir/D_/Col/UTN/curso-lse/trabajo_integrador/integrador_final/Codigo/app_tasks.c.obj
 .text.wrapper_display_off
                0x000017bc       0x26 CMakeFiles/new_project.elf.dir/D_/Col/UTN/curso-lse/trabajo_integrador/integrador_final/Codigo/app_tasks.c.obj
 .text.wrapper_display_on
                0x000017e2       0x28 CMakeFiles/new_project.elf.dir/D_/Col/UTN/curso-lse/trabajo_integrador/integrador_final/Codigo/app_tasks.c.obj
 .text.wrapper_btn_get_with_debouncing_with_pull_up
                0x0000180a       0x56 CMakeFiles/new_project.elf.dir/D_/Col/UTN/curso-lse/trabajo_integrador/integrador_final/Codigo/app_tasks.c.obj
 .text.task_init
                0x00001860      0x12c CMakeFiles/new_project.elf.dir/D_/Col/UTN/curso-lse/trabajo_integrador/integrador_final/Codigo/app_tasks.c.obj
                0x00001860                task_init
 .text.task_adc
                0x0000198c       0x20 CMakeFiles/new_project.elf.dir/D_/Col/UTN/curso-lse/trabajo_integrador/integrador_final/Codigo/app_tasks.c.obj
                0x0000198c                task_adc
 .text.task_display_change
                0x000019ac       0x70 CMakeFiles/new_project.elf.dir/D_/Col/UTN/curso-lse/trabajo_integrador/integrador_final/Codigo/app_tasks.c.obj
                0x000019ac                task_display_change
 .text.task_pwm
                0x00001a1c       0x74 CMakeFiles/new_project.elf.dir/D_/Col/UTN/curso-lse/trabajo_integrador/integrador_final/Codigo/app_tasks.c.obj
                0x00001a1c                task_pwm
 .text.task_bh1750
                0x00001a90       0x58 CMakeFiles/new_project.elf.dir/D_/Col/UTN/curso-lse/trabajo_integrador/integrador_final/Codigo/app_tasks.c.obj
                0x00001a90                task_bh1750
 .text.task_buzzer
                0x00001ae8       0x84 CMakeFiles/new_project.elf.dir/D_/Col/UTN/curso-lse/trabajo_integrador/integrador_final/Codigo/app_tasks.c.obj
                0x00001ae8                task_buzzer
 .text.task_display
                0x00001b6c       0xe4 CMakeFiles/new_project.elf.dir/D_/Col/UTN/curso-lse/trabajo_integrador/integrador_final/Codigo/app_tasks.c.obj
                0x00001b6c                task_display
 .text.task_counter_btns
                0x00001c50       0x98 CMakeFiles/new_project.elf.dir/D_/Col/UTN/curso-lse/trabajo_integrador/integrador_final/Codigo/app_tasks.c.obj
                0x00001c50                task_counter_btns
 .text.task_user
                0x00001ce8       0x50 CMakeFiles/new_project.elf.dir/D_/Col/UTN/curso-lse/trabajo_integrador/integrador_final/Codigo/app_tasks.c.obj
                0x00001ce8                task_user
 .text.task_ledmulti
                0x00001d38       0x84 CMakeFiles/new_project.elf.dir/D_/Col/UTN/curso-lse/trabajo_integrador/integrador_final/Codigo/app_tasks.c.obj
                0x00001d38                task_ledmulti
 .text.task_terminal
                0x00001dbc      0x11c CMakeFiles/new_project.elf.dir/D_/Col/UTN/curso-lse/trabajo_integrador/integrador_final/Codigo/app_tasks.c.obj
                0x00001dbc                task_terminal
 .text.ADC_GetStatusFlags
                0x00001ed8       0x14 CMakeFiles/new_project.elf.dir/D_/Col/UTN/curso-lse/trabajo_integrador/integrador_final/Codigo/isr.c.obj
 .text.ADC_ClearStatusFlags
                0x00001eec       0x18 CMakeFiles/new_project.elf.dir/D_/Col/UTN/curso-lse/trabajo_integrador/integrador_final/Codigo/isr.c.obj
 .text.ADC0_SEQA_IRQHandler
                0x00001f04       0xa0 CMakeFiles/new_project.elf.dir/D_/Col/UTN/curso-lse/trabajo_integrador/integrador_final/Codigo/isr.c.obj
                0x00001f04                ADC0_SEQA_IRQHandler
 .text.HAL_UartGetStatus
                0x00001fa4       0x20 CMakeFiles/new_project.elf.dir/D_/Col/UTN/curso-lse/trabajo_integrador/integrador_final/sdks/Codigo_sdk/components/uart/fsl_adapter_miniusart.c.obj
 .text.HAL_UartInit
                0x00001fc4      0x134 CMakeFiles/new_project.elf.dir/D_/Col/UTN/curso-lse/trabajo_integrador/integrador_final/sdks/Codigo_sdk/components/uart/fsl_adapter_miniusart.c.obj
                0x00001fc4                HAL_UartInit
 .text.HAL_UartReceiveBlocking
                0x000020f8       0x90 CMakeFiles/new_project.elf.dir/D_/Col/UTN/curso-lse/trabajo_integrador/integrador_final/sdks/Codigo_sdk/components/uart/fsl_adapter_miniusart.c.obj
                0x000020f8                HAL_UartReceiveBlocking
 .text.HAL_UartSendBlocking
                0x00002188       0x84 CMakeFiles/new_project.elf.dir/D_/Col/UTN/curso-lse/trabajo_integrador/integrador_final/sdks/Codigo_sdk/components/uart/fsl_adapter_miniusart.c.obj
                0x00002188                HAL_UartSendBlocking
 .text.SystemInit
                0x0000220c       0x2c CMakeFiles/new_project.elf.dir/D_/Col/UTN/curso-lse/trabajo_integrador/integrador_final/sdks/Codigo_sdk/devices/LPC845/system_LPC845.c.obj
                0x0000220c                SystemInit
 .text.SystemInitHook
                0x00002238        0xa CMakeFiles/new_project.elf.dir/D_/Col/UTN/curso-lse/trabajo_integrador/integrador_final/sdks/Codigo_sdk/devices/LPC845/system_LPC845.c.obj
                0x00002238                SystemInitHook
 *fill*         0x00002242        0x2 
 .text.CLOCK_GetCoreSysClkFreq
                0x00002244       0x24 CMakeFiles/new_project.elf.dir/D_/Col/UTN/curso-lse/trabajo_integrador/integrador_final/sdks/Codigo_sdk/devices/LPC845/drivers/fsl_clock.c.obj
 .text.CLOCK_GetSystemPLLFreq
                0x00002268       0x20 CMakeFiles/new_project.elf.dir/D_/Col/UTN/curso-lse/trabajo_integrador/integrador_final/sdks/Codigo_sdk/devices/LPC845/drivers/fsl_clock.c.obj
 .text.CLOCK_GetWdtOscFreq
                0x00002288       0x14 CMakeFiles/new_project.elf.dir/D_/Col/UTN/curso-lse/trabajo_integrador/integrador_final/sdks/Codigo_sdk/devices/LPC845/drivers/fsl_clock.c.obj
 .text.CLOCK_GetExtClkFreq
                0x0000229c       0x14 CMakeFiles/new_project.elf.dir/D_/Col/UTN/curso-lse/trabajo_integrador/integrador_final/sdks/Codigo_sdk/devices/LPC845/drivers/fsl_clock.c.obj
 .text.CLOCK_GetFRGInputClkFreq
                0x000022b0       0x3e CMakeFiles/new_project.elf.dir/D_/Col/UTN/curso-lse/trabajo_integrador/integrador_final/sdks/Codigo_sdk/devices/LPC845/drivers/fsl_clock.c.obj
 *fill*         0x000022ee        0x2 
 .text.CLOCK_UpdateClkSrc
                0x000022f0       0x58 CMakeFiles/new_project.elf.dir/D_/Col/UTN/curso-lse/trabajo_integrador/integrador_final/sdks/Codigo_sdk/devices/LPC845/drivers/fsl_clock.c.obj
 .text.CLOCK_GetFRG0ClkFreq
                0x00002348       0x64 CMakeFiles/new_project.elf.dir/D_/Col/UTN/curso-lse/trabajo_integrador/integrador_final/sdks/Codigo_sdk/devices/LPC845/drivers/fsl_clock.c.obj
                0x00002348                CLOCK_GetFRG0ClkFreq
 .text.CLOCK_GetFRG1ClkFreq
                0x000023ac       0x64 CMakeFiles/new_project.elf.dir/D_/Col/UTN/curso-lse/trabajo_integrador/integrador_final/sdks/Codigo_sdk/devices/LPC845/drivers/fsl_clock.c.obj
                0x000023ac                CLOCK_GetFRG1ClkFreq
 .text.CLOCK_GetMainClkFreq
                0x00002410       0x78 CMakeFiles/new_project.elf.dir/D_/Col/UTN/curso-lse/trabajo_integrador/integrador_final/sdks/Codigo_sdk/devices/LPC845/drivers/fsl_clock.c.obj
                0x00002410                CLOCK_GetMainClkFreq
 .text.CLOCK_GetFroFreq
                0x00002488       0x78 CMakeFiles/new_project.elf.dir/D_/Col/UTN/curso-lse/trabajo_integrador/integrador_final/sdks/Codigo_sdk/devices/LPC845/drivers/fsl_clock.c.obj
                0x00002488                CLOCK_GetFroFreq
 .text.CLOCK_GetFreq
                0x00002500       0x90 CMakeFiles/new_project.elf.dir/D_/Col/UTN/curso-lse/trabajo_integrador/integrador_final/sdks/Codigo_sdk/devices/LPC845/drivers/fsl_clock.c.obj
                0x00002500                CLOCK_GetFreq
 .text.CLOCK_GetSystemPLLInClockRate
                0x00002590       0x64 CMakeFiles/new_project.elf.dir/D_/Col/UTN/curso-lse/trabajo_integrador/integrador_final/sdks/Codigo_sdk/devices/LPC845/drivers/fsl_clock.c.obj
                0x00002590                CLOCK_GetSystemPLLInClockRate
 .text.CLOCK_SetMainClkSrc
                0x000025f4       0x9c CMakeFiles/new_project.elf.dir/D_/Col/UTN/curso-lse/trabajo_integrador/integrador_final/sdks/Codigo_sdk/devices/LPC845/drivers/fsl_clock.c.obj
                0x000025f4                CLOCK_SetMainClkSrc
 .text.CLOCK_SetFroOutClkSrc
                0x00002690       0x48 CMakeFiles/new_project.elf.dir/D_/Col/UTN/curso-lse/trabajo_integrador/integrador_final/sdks/Codigo_sdk/devices/LPC845/drivers/fsl_clock.c.obj
                0x00002690                CLOCK_SetFroOutClkSrc
 .text.DelayLoop
                0x000026d8       0x1a CMakeFiles/new_project.elf.dir/D_/Col/UTN/curso-lse/trabajo_integrador/integrador_final/sdks/Codigo_sdk/devices/LPC845/drivers/fsl_common_arm.c.obj
 *fill*         0x000026f2        0x2 
 .text.SDK_DelayAtLeastUs
                0x000026f4       0x84 CMakeFiles/new_project.elf.dir/D_/Col/UTN/curso-lse/trabajo_integrador/integrador_final/sdks/Codigo_sdk/devices/LPC845/drivers/fsl_common_arm.c.obj
                0x000026f4                SDK_DelayAtLeastUs
 .text.CLOCK_EnableClock
                0x00002778       0x54 CMakeFiles/new_project.elf.dir/D_/Col/UTN/curso-lse/trabajo_integrador/integrador_final/sdks/Codigo_sdk/devices/LPC845/drivers/fsl_adc.c.obj
 .text.RESET_ReleasePeripheralReset
                0x000027cc       0x18 CMakeFiles/new_project.elf.dir/D_/Col/UTN/curso-lse/trabajo_integrador/integrador_final/sdks/Codigo_sdk/devices/LPC845/drivers/fsl_adc.c.obj
 .text.ADC_GetInstance
                0x000027e4       0x54 CMakeFiles/new_project.elf.dir/D_/Col/UTN/curso-lse/trabajo_integrador/integrador_final/sdks/Codigo_sdk/devices/LPC845/drivers/fsl_adc.c.obj
 .text.ADC_Init
                0x00002838       0xb4 CMakeFiles/new_project.elf.dir/D_/Col/UTN/curso-lse/trabajo_integrador/integrador_final/sdks/Codigo_sdk/devices/LPC845/drivers/fsl_adc.c.obj
                0x00002838                ADC_Init
 .text.ADC_GetDefaultConfig
                0x000028ec       0x34 CMakeFiles/new_project.elf.dir/D_/Col/UTN/curso-lse/trabajo_integrador/integrador_final/sdks/Codigo_sdk/devices/LPC845/drivers/fsl_adc.c.obj
                0x000028ec                ADC_GetDefaultConfig
 .text.ADC_DoSelfCalibration
                0x00002920       0xc0 CMakeFiles/new_project.elf.dir/D_/Col/UTN/curso-lse/trabajo_integrador/integrador_final/sdks/Codigo_sdk/devices/LPC845/drivers/fsl_adc.c.obj
                0x00002920                ADC_DoSelfCalibration
 .text.ADC_SetConvSeqAConfig
                0x000029e0       0xa0 CMakeFiles/new_project.elf.dir/D_/Col/UTN/curso-lse/trabajo_integrador/integrador_final/sdks/Codigo_sdk/devices/LPC845/drivers/fsl_adc.c.obj
                0x000029e0                ADC_SetConvSeqAConfig
 .text.ADC_GetChannelConversionResult
                0x00002a80       0xbc CMakeFiles/new_project.elf.dir/D_/Col/UTN/curso-lse/trabajo_integrador/integrador_final/sdks/Codigo_sdk/devices/LPC845/drivers/fsl_adc.c.obj
                0x00002a80                ADC_GetChannelConversionResult
 .text.CLOCK_EnableClock
                0x00002b3c       0x54 CMakeFiles/new_project.elf.dir/D_/Col/UTN/curso-lse/trabajo_integrador/integrador_final/sdks/Codigo_sdk/devices/LPC845/drivers/fsl_gpio.c.obj
 .text.GPIO_EnablePortClock
                0x00002b90       0x44 CMakeFiles/new_project.elf.dir/D_/Col/UTN/curso-lse/trabajo_integrador/integrador_final/sdks/Codigo_sdk/devices/LPC845/drivers/fsl_gpio.c.obj
 .text.GPIO_PortInit
                0x00002bd4       0x30 CMakeFiles/new_project.elf.dir/D_/Col/UTN/curso-lse/trabajo_integrador/integrador_final/sdks/Codigo_sdk/devices/LPC845/drivers/fsl_gpio.c.obj
                0x00002bd4                GPIO_PortInit
 .text.GPIO_PinInit
                0x00002c04       0xc0 CMakeFiles/new_project.elf.dir/D_/Col/UTN/curso-lse/trabajo_integrador/integrador_final/sdks/Codigo_sdk/devices/LPC845/drivers/fsl_gpio.c.obj
                0x00002c04                GPIO_PinInit
 .text.CLOCK_EnableClock
                0x00002cc4       0x54 CMakeFiles/new_project.elf.dir/D_/Col/UTN/curso-lse/trabajo_integrador/integrador_final/sdks/Codigo_sdk/devices/LPC845/drivers/fsl_i2c.c.obj
 .text.I2C_MasterEnable
                0x00002d18       0x3c CMakeFiles/new_project.elf.dir/D_/Col/UTN/curso-lse/trabajo_integrador/integrador_final/sdks/Codigo_sdk/devices/LPC845/drivers/fsl_i2c.c.obj
 .text.I2C_GetStatusFlags
                0x00002d54       0x14 CMakeFiles/new_project.elf.dir/D_/Col/UTN/curso-lse/trabajo_integrador/integrador_final/sdks/Codigo_sdk/devices/LPC845/drivers/fsl_i2c.c.obj
 .text.I2C_MasterClearStatusFlags
                0x00002d68       0x1c CMakeFiles/new_project.elf.dir/D_/Col/UTN/curso-lse/trabajo_integrador/integrador_final/sdks/Codigo_sdk/devices/LPC845/drivers/fsl_i2c.c.obj
 .text.I2C_GetInstance
                0x00002d84       0x58 CMakeFiles/new_project.elf.dir/D_/Col/UTN/curso-lse/trabajo_integrador/integrador_final/sdks/Codigo_sdk/devices/LPC845/drivers/fsl_i2c.c.obj
                0x00002d84                I2C_GetInstance
 .text.I2C_MasterGetDefaultConfig
                0x00002ddc       0x34 CMakeFiles/new_project.elf.dir/D_/Col/UTN/curso-lse/trabajo_integrador/integrador_final/sdks/Codigo_sdk/devices/LPC845/drivers/fsl_i2c.c.obj
                0x00002ddc                I2C_MasterGetDefaultConfig
 .text.I2C_MasterInit
                0x00002e10       0x64 CMakeFiles/new_project.elf.dir/D_/Col/UTN/curso-lse/trabajo_integrador/integrador_final/sdks/Codigo_sdk/devices/LPC845/drivers/fsl_i2c.c.obj
                0x00002e10                I2C_MasterInit
 .text.I2C_MasterSetBaudRate
                0x00002e74      0x114 CMakeFiles/new_project.elf.dir/D_/Col/UTN/curso-lse/trabajo_integrador/integrador_final/sdks/Codigo_sdk/devices/LPC845/drivers/fsl_i2c.c.obj
                0x00002e74                I2C_MasterSetBaudRate
 .text.I2C_PendingStatusWait
                0x00002f88       0x30 CMakeFiles/new_project.elf.dir/D_/Col/UTN/curso-lse/trabajo_integrador/integrador_final/sdks/Codigo_sdk/devices/LPC845/drivers/fsl_i2c.c.obj
 .text.I2C_MasterStart
                0x00002fb8       0x54 CMakeFiles/new_project.elf.dir/D_/Col/UTN/curso-lse/trabajo_integrador/integrador_final/sdks/Codigo_sdk/devices/LPC845/drivers/fsl_i2c.c.obj
                0x00002fb8                I2C_MasterStart
 .text.I2C_MasterStop
                0x0000300c       0x30 CMakeFiles/new_project.elf.dir/D_/Col/UTN/curso-lse/trabajo_integrador/integrador_final/sdks/Codigo_sdk/devices/LPC845/drivers/fsl_i2c.c.obj
                0x0000300c                I2C_MasterStop
 .text.I2C_MasterWriteBlocking
                0x0000303c      0x124 CMakeFiles/new_project.elf.dir/D_/Col/UTN/curso-lse/trabajo_integrador/integrador_final/sdks/Codigo_sdk/devices/LPC845/drivers/fsl_i2c.c.obj
                0x0000303c                I2C_MasterWriteBlocking
 .text.I2C_MasterReadBlocking
                0x00003160      0x104 CMakeFiles/new_project.elf.dir/D_/Col/UTN/curso-lse/trabajo_integrador/integrador_final/sdks/Codigo_sdk/devices/LPC845/drivers/fsl_i2c.c.obj
                0x00003160                I2C_MasterReadBlocking
 .text.I2C_TransferCommonIRQHandler
                0x00003264       0x40 CMakeFiles/new_project.elf.dir/D_/Col/UTN/curso-lse/trabajo_integrador/integrador_final/sdks/Codigo_sdk/devices/LPC845/drivers/fsl_i2c.c.obj
 .text.I2C0_DriverIRQHandler
                0x000032a4       0x20 CMakeFiles/new_project.elf.dir/D_/Col/UTN/curso-lse/trabajo_integrador/integrador_final/sdks/Codigo_sdk/devices/LPC845/drivers/fsl_i2c.c.obj
                0x000032a4                I2C0_DriverIRQHandler
 .text.I2C1_DriverIRQHandler
                0x000032c4       0x20 CMakeFiles/new_project.elf.dir/D_/Col/UTN/curso-lse/trabajo_integrador/integrador_final/sdks/Codigo_sdk/devices/LPC845/drivers/fsl_i2c.c.obj
                0x000032c4                I2C1_DriverIRQHandler
 .text.I2C2_DriverIRQHandler
                0x000032e4       0x20 CMakeFiles/new_project.elf.dir/D_/Col/UTN/curso-lse/trabajo_integrador/integrador_final/sdks/Codigo_sdk/devices/LPC845/drivers/fsl_i2c.c.obj
                0x000032e4                I2C2_DriverIRQHandler
 .text.CLOCK_EnableClock
                0x00003304       0x54 CMakeFiles/new_project.elf.dir/D_/Col/UTN/curso-lse/trabajo_integrador/integrador_final/sdks/Codigo_sdk/devices/LPC845/drivers/fsl_usart.c.obj
 .text.USART_EnableContinuousSCLK
                0x00003358       0x40 CMakeFiles/new_project.elf.dir/D_/Col/UTN/curso-lse/trabajo_integrador/integrador_final/sdks/Codigo_sdk/devices/LPC845/drivers/fsl_usart.c.obj
 .text.USART_EnableTx
                0x00003398       0x46 CMakeFiles/new_project.elf.dir/D_/Col/UTN/curso-lse/trabajo_integrador/integrador_final/sdks/Codigo_sdk/devices/LPC845/drivers/fsl_usart.c.obj
 .text.USART_EnableRx
                0x000033de       0x44 CMakeFiles/new_project.elf.dir/D_/Col/UTN/curso-lse/trabajo_integrador/integrador_final/sdks/Codigo_sdk/devices/LPC845/drivers/fsl_usart.c.obj
 *fill*         0x00003422        0x2 
 .text.USART_GetInstance
                0x00003424       0x58 CMakeFiles/new_project.elf.dir/D_/Col/UTN/curso-lse/trabajo_integrador/integrador_final/sdks/Codigo_sdk/devices/LPC845/drivers/fsl_usart.c.obj
                0x00003424                USART_GetInstance
 .text.USART_Init
                0x0000347c      0x144 CMakeFiles/new_project.elf.dir/D_/Col/UTN/curso-lse/trabajo_integrador/integrador_final/sdks/Codigo_sdk/devices/LPC845/drivers/fsl_usart.c.obj
                0x0000347c                USART_Init
 .text.USART_GetDefaultConfig
                0x000035c0       0x80 CMakeFiles/new_project.elf.dir/D_/Col/UTN/curso-lse/trabajo_integrador/integrador_final/sdks/Codigo_sdk/devices/LPC845/drivers/fsl_usart.c.obj
                0x000035c0                USART_GetDefaultConfig
 .text.USART_SetBaudRate
                0x00003640      0x15c CMakeFiles/new_project.elf.dir/D_/Col/UTN/curso-lse/trabajo_integrador/integrador_final/sdks/Codigo_sdk/devices/LPC845/drivers/fsl_usart.c.obj
                0x00003640                USART_SetBaudRate
 .text.USART_WriteBlocking
                0x0000379c       0x70 CMakeFiles/new_project.elf.dir/D_/Col/UTN/curso-lse/trabajo_integrador/integrador_final/sdks/Codigo_sdk/devices/LPC845/drivers/fsl_usart.c.obj
                0x0000379c                USART_WriteBlocking
 .text.USART_ReadBlocking
                0x0000380c       0xd0 CMakeFiles/new_project.elf.dir/D_/Col/UTN/curso-lse/trabajo_integrador/integrador_final/sdks/Codigo_sdk/devices/LPC845/drivers/fsl_usart.c.obj
                0x0000380c                USART_ReadBlocking
 .text.USART0_DriverIRQHandler
                0x000038dc       0x24 CMakeFiles/new_project.elf.dir/D_/Col/UTN/curso-lse/trabajo_integrador/integrador_final/sdks/Codigo_sdk/devices/LPC845/drivers/fsl_usart.c.obj
                0x000038dc                USART0_DriverIRQHandler
 .text.USART1_DriverIRQHandler
                0x00003900       0x24 CMakeFiles/new_project.elf.dir/D_/Col/UTN/curso-lse/trabajo_integrador/integrador_final/sdks/Codigo_sdk/devices/LPC845/drivers/fsl_usart.c.obj
                0x00003900                USART1_DriverIRQHandler
 .text.USART2_DriverIRQHandler
                0x00003924       0x24 CMakeFiles/new_project.elf.dir/D_/Col/UTN/curso-lse/trabajo_integrador/integrador_final/sdks/Codigo_sdk/devices/LPC845/drivers/fsl_usart.c.obj
                0x00003924                USART2_DriverIRQHandler
 .text.PIN_INT6_USART3_DriverIRQHandler
                0x00003948       0x24 CMakeFiles/new_project.elf.dir/D_/Col/UTN/curso-lse/trabajo_integrador/integrador_final/sdks/Codigo_sdk/devices/LPC845/drivers/fsl_usart.c.obj
                0x00003948                PIN_INT6_USART3_DriverIRQHandler
 .text.PIN_INT7_USART4_DriverIRQHandler
                0x0000396c       0x24 CMakeFiles/new_project.elf.dir/D_/Col/UTN/curso-lse/trabajo_integrador/integrador_final/sdks/Codigo_sdk/devices/LPC845/drivers/fsl_usart.c.obj
                0x0000396c                PIN_INT7_USART4_DriverIRQHandler
 .text.RESET_SetPeripheralReset
                0x00003990       0x7c CMakeFiles/new_project.elf.dir/D_/Col/UTN/curso-lse/trabajo_integrador/integrador_final/sdks/Codigo_sdk/devices/LPC845/drivers/fsl_reset.c.obj
                0x00003990                RESET_SetPeripheralReset
 .text.RESET_ClearPeripheralReset
                0x00003a0c       0x78 CMakeFiles/new_project.elf.dir/D_/Col/UTN/curso-lse/trabajo_integrador/integrador_final/sdks/Codigo_sdk/devices/LPC845/drivers/fsl_reset.c.obj
                0x00003a0c                RESET_ClearPeripheralReset
 .text.RESET_PeripheralReset
                0x00003a84       0x20 CMakeFiles/new_project.elf.dir/D_/Col/UTN/curso-lse/trabajo_integrador/integrador_final/sdks/Codigo_sdk/devices/LPC845/drivers/fsl_reset.c.obj
                0x00003a84                RESET_PeripheralReset
 .text.CLOCK_EnableClock
                0x00003aa4       0x54 CMakeFiles/new_project.elf.dir/D_/Col/UTN/curso-lse/trabajo_integrador/integrador_final/sdks/Codigo_sdk/devices/LPC845/drivers/fsl_sctimer.c.obj
 .text.SCTIMER_StartTimer
                0x00003af8      0x108 CMakeFiles/new_project.elf.dir/D_/Col/UTN/curso-lse/trabajo_integrador/integrador_final/sdks/Codigo_sdk/devices/LPC845/drivers/fsl_sctimer.c.obj
 .text.SCTIMER_StopTimer
                0x00003c00      0x104 CMakeFiles/new_project.elf.dir/D_/Col/UTN/curso-lse/trabajo_integrador/integrador_final/sdks/Codigo_sdk/devices/LPC845/drivers/fsl_sctimer.c.obj
 .text.SCTIMER_SetupOutputSetAction
                0x00003d04       0x58 CMakeFiles/new_project.elf.dir/D_/Col/UTN/curso-lse/trabajo_integrador/integrador_final/sdks/Codigo_sdk/devices/LPC845/drivers/fsl_sctimer.c.obj
 .text.SCTIMER_SetupOutputClearAction
                0x00003d5c       0x5c CMakeFiles/new_project.elf.dir/D_/Col/UTN/curso-lse/trabajo_integrador/integrador_final/sdks/Codigo_sdk/devices/LPC845/drivers/fsl_sctimer.c.obj
 .text.SCTIMER_SetupCounterLimitAction
                0x00003db8       0xdc CMakeFiles/new_project.elf.dir/D_/Col/UTN/curso-lse/trabajo_integrador/integrador_final/sdks/Codigo_sdk/devices/LPC845/drivers/fsl_sctimer.c.obj
 .text.SCTIMER_GetInstance
                0x00003e94       0x5c CMakeFiles/new_project.elf.dir/D_/Col/UTN/curso-lse/trabajo_integrador/integrador_final/sdks/Codigo_sdk/devices/LPC845/drivers/fsl_sctimer.c.obj
 .text.SCTIMER_Init
                0x00003ef0      0x154 CMakeFiles/new_project.elf.dir/D_/Col/UTN/curso-lse/trabajo_integrador/integrador_final/sdks/Codigo_sdk/devices/LPC845/drivers/fsl_sctimer.c.obj
                0x00003ef0                SCTIMER_Init
 .text.SCTIMER_GetDefaultConfig
                0x00004044       0x70 CMakeFiles/new_project.elf.dir/D_/Col/UTN/curso-lse/trabajo_integrador/integrador_final/sdks/Codigo_sdk/devices/LPC845/drivers/fsl_sctimer.c.obj
                0x00004044                SCTIMER_GetDefaultConfig
 .text.SCTIMER_SetupPwm
                0x000040b4      0x304 CMakeFiles/new_project.elf.dir/D_/Col/UTN/curso-lse/trabajo_integrador/integrador_final/sdks/Codigo_sdk/devices/LPC845/drivers/fsl_sctimer.c.obj
                0x000040b4                SCTIMER_SetupPwm
 .text.SCTIMER_UpdatePwmDutycycle
                0x000043b8      0x1b8 CMakeFiles/new_project.elf.dir/D_/Col/UTN/curso-lse/trabajo_integrador/integrador_final/sdks/Codigo_sdk/devices/LPC845/drivers/fsl_sctimer.c.obj
                0x000043b8                SCTIMER_UpdatePwmDutycycle
 .text.SCTIMER_CreateAndScheduleEvent
                0x00004570      0x248 CMakeFiles/new_project.elf.dir/D_/Col/UTN/curso-lse/trabajo_integrador/integrador_final/sdks/Codigo_sdk/devices/LPC845/drivers/fsl_sctimer.c.obj
                0x00004570                SCTIMER_CreateAndScheduleEvent
 .text.SCTIMER_EventHandleIRQ
                0x000047b8       0x74 CMakeFiles/new_project.elf.dir/D_/Col/UTN/curso-lse/trabajo_integrador/integrador_final/sdks/Codigo_sdk/devices/LPC845/drivers/fsl_sctimer.c.obj
                0x000047b8                SCTIMER_EventHandleIRQ
 .text.SCT0_DriverIRQHandler
                0x0000482c       0x1c CMakeFiles/new_project.elf.dir/D_/Col/UTN/curso-lse/trabajo_integrador/integrador_final/sdks/Codigo_sdk/devices/LPC845/drivers/fsl_sctimer.c.obj
                0x0000482c                SCT0_DriverIRQHandler
 .text.SWM_SetMovablePinSelect
                0x00004848       0xa8 CMakeFiles/new_project.elf.dir/D_/Col/UTN/curso-lse/trabajo_integrador/integrador_final/sdks/Codigo_sdk/devices/LPC845/drivers/fsl_swm.c.obj
                0x00004848                SWM_SetMovablePinSelect
 .text.SWM_SetFixedPinSelect
                0x000048f0       0xac CMakeFiles/new_project.elf.dir/D_/Col/UTN/curso-lse/trabajo_integrador/integrador_final/sdks/Codigo_sdk/devices/LPC845/drivers/fsl_swm.c.obj
                0x000048f0                SWM_SetFixedPinSelect
 .text.fsl_assert_hook
                0x0000499c       0x16 CMakeFiles/new_project.elf.dir/D_/Col/UTN/curso-lse/trabajo_integrador/integrador_final/sdks/Codigo_sdk/devices/LPC845/utilities/debug_console_lite/fsl_assert.c.obj
                0x0000499c                fsl_assert_hook
 *fill*         0x000049b2        0x2 
 .text.__assert_func
                0x000049b4       0x34 CMakeFiles/new_project.elf.dir/D_/Col/UTN/curso-lse/trabajo_integrador/integrador_final/sdks/Codigo_sdk/devices/LPC845/utilities/debug_console_lite/fsl_assert.c.obj
                0x000049b4                __assert_func
 .text.DbgConsole_Init
                0x000049e8       0xa8 CMakeFiles/new_project.elf.dir/D_/Col/UTN/curso-lse/trabajo_integrador/integrador_final/sdks/Codigo_sdk/devices/LPC845/utilities/debug_console_lite/fsl_debug_console.c.obj
                0x000049e8                DbgConsole_Init
 .text.DbgConsole_Printf
                0x00004a90       0x32 CMakeFiles/new_project.elf.dir/D_/Col/UTN/curso-lse/trabajo_integrador/integrador_final/sdks/Codigo_sdk/devices/LPC845/utilities/debug_console_lite/fsl_debug_console.c.obj
                0x00004a90                DbgConsole_Printf
 *fill*         0x00004ac2        0x2 
 .text.DbgConsole_Vprintf
                0x00004ac4       0x40 CMakeFiles/new_project.elf.dir/D_/Col/UTN/curso-lse/trabajo_integrador/integrador_final/sdks/Codigo_sdk/devices/LPC845/utilities/debug_console_lite/fsl_debug_console.c.obj
                0x00004ac4                DbgConsole_Vprintf
 .text.DbgConsole_Putchar
                0x00004b04       0x30 CMakeFiles/new_project.elf.dir/D_/Col/UTN/curso-lse/trabajo_integrador/integrador_final/sdks/Codigo_sdk/devices/LPC845/utilities/debug_console_lite/fsl_debug_console.c.obj
                0x00004b04                DbgConsole_Putchar
 .text.DbgConsole_PrintfPaddingCharacter
                0x00004b34       0x48 CMakeFiles/new_project.elf.dir/D_/Col/UTN/curso-lse/trabajo_integrador/integrador_final/sdks/Codigo_sdk/devices/LPC845/utilities/debug_console_lite/fsl_debug_console.c.obj
 .text.DbgConsole_ConvertRadixNumToString
                0x00004b7c       0xc2 CMakeFiles/new_project.elf.dir/D_/Col/UTN/curso-lse/trabajo_integrador/integrador_final/sdks/Codigo_sdk/devices/LPC845/utilities/debug_console_lite/fsl_debug_console.c.obj
 .text.DbgConsole_PrintfFormattedData
                0x00004c3e      0x3da CMakeFiles/new_project.elf.dir/D_/Col/UTN/curso-lse/trabajo_integrador/integrador_final/sdks/Codigo_sdk/devices/LPC845/utilities/debug_console_lite/fsl_debug_console.c.obj
 .text.__muldi3
                0x00005018       0x5c C:/Users/sanfr/.mcuxpressotools/arm-gnu-toolchain-14.2.rel1-mingw-w64-x86_64-arm-none-eabi/bin/../lib/gcc/arm-none-eabi/14.2.1/thumb/v6-m/nofp\libgcc.a(_muldi3.o)
                0x00005018                __muldi3
                0x00005018                __aeabi_lmul
 .text.__fixunssfsi
                0x00005074       0x30 C:/Users/sanfr/.mcuxpressotools/arm-gnu-toolchain-14.2.rel1-mingw-w64-x86_64-arm-none-eabi/bin/../lib/gcc/arm-none-eabi/14.2.1/thumb/v6-m/nofp\libgcc.a(_fixunssfsi.o)
                0x00005074                __fixunssfsi
                0x00005074                __aeabi_f2uiz
 .text.__fixunsdfsi
                0x000050a4       0x3c C:/Users/sanfr/.mcuxpressotools/arm-gnu-toolchain-14.2.rel1-mingw-w64-x86_64-arm-none-eabi/bin/../lib/gcc/arm-none-eabi/14.2.1/thumb/v6-m/nofp\libgcc.a(_fixunsdfsi.o)
                0x000050a4                __aeabi_d2uiz
                0x000050a4                __fixunsdfsi
 .text.__udivmoddi4
                0x000050e0      0x198 C:/Users/sanfr/.mcuxpressotools/arm-gnu-toolchain-14.2.rel1-mingw-w64-x86_64-arm-none-eabi/bin/../lib/gcc/arm-none-eabi/14.2.1/thumb/v6-m/nofp\libgcc.a(_udivmoddi4.o)
                0x000050e0                __udivmoddi4
 .text.__aeabi_fsub
                0x00005278      0x484 C:/Users/sanfr/.mcuxpressotools/arm-gnu-toolchain-14.2.rel1-mingw-w64-x86_64-arm-none-eabi/bin/../lib/gcc/arm-none-eabi/14.2.1/thumb/v6-m/nofp\libgcc.a(subsf3.o)
                0x00005278                __aeabi_fsub
 .text.__aeabi_f2iz
                0x000056fc       0x40 C:/Users/sanfr/.mcuxpressotools/arm-gnu-toolchain-14.2.rel1-mingw-w64-x86_64-arm-none-eabi/bin/../lib/gcc/arm-none-eabi/14.2.1/thumb/v6-m/nofp\libgcc.a(fixsfsi.o)
                0x000056fc                __aeabi_f2iz
 .text.__aeabi_ddiv
                0x0000573c      0x63c C:/Users/sanfr/.mcuxpressotools/arm-gnu-toolchain-14.2.rel1-mingw-w64-x86_64-arm-none-eabi/bin/../lib/gcc/arm-none-eabi/14.2.1/thumb/v6-m/nofp\libgcc.a(divdf3.o)
                0x0000573c                __aeabi_ddiv
 .text.__aeabi_dmul
                0x00005d78      0x590 C:/Users/sanfr/.mcuxpressotools/arm-gnu-toolchain-14.2.rel1-mingw-w64-x86_64-arm-none-eabi/bin/../lib/gcc/arm-none-eabi/14.2.1/thumb/v6-m/nofp\libgcc.a(muldf3.o)
                0x00005d78                __aeabi_dmul
 .text.__aeabi_dsub
                0x00006308      0x870 C:/Users/sanfr/.mcuxpressotools/arm-gnu-toolchain-14.2.rel1-mingw-w64-x86_64-arm-none-eabi/bin/../lib/gcc/arm-none-eabi/14.2.1/thumb/v6-m/nofp\libgcc.a(subdf3.o)
                0x00006308                __aeabi_dsub
 .text.__aeabi_d2iz
                0x00006b78       0x78 C:/Users/sanfr/.mcuxpressotools/arm-gnu-toolchain-14.2.rel1-mingw-w64-x86_64-arm-none-eabi/bin/../lib/gcc/arm-none-eabi/14.2.1/thumb/v6-m/nofp\libgcc.a(fixdfsi.o)
                0x00006b78                __aeabi_d2iz
 .text.__aeabi_i2d
                0x00006bf0       0x5c C:/Users/sanfr/.mcuxpressotools/arm-gnu-toolchain-14.2.rel1-mingw-w64-x86_64-arm-none-eabi/bin/../lib/gcc/arm-none-eabi/14.2.1/thumb/v6-m/nofp\libgcc.a(floatsidf.o)
                0x00006bf0                __aeabi_i2d
 .text.__aeabi_d2f
                0x00006c4c      0x110 C:/Users/sanfr/.mcuxpressotools/arm-gnu-toolchain-14.2.rel1-mingw-w64-x86_64-arm-none-eabi/bin/../lib/gcc/arm-none-eabi/14.2.1/thumb/v6-m/nofp\libgcc.a(truncdfsf2.o)
                0x00006c4c                __aeabi_d2f
 .text.__eqsf2  0x00006d5c       0x50 C:/Users/sanfr/.mcuxpressotools/arm-gnu-toolchain-14.2.rel1-mingw-w64-x86_64-arm-none-eabi/bin/../lib/gcc/arm-none-eabi/14.2.1/thumb/v6-m/nofp\libgcc.a(eqsf2.o)
                0x00006d5c                __eqsf2
                0x00006d5c                __nesf2
 .text.__gesf2  0x00006dac       0x90 C:/Users/sanfr/.mcuxpressotools/arm-gnu-toolchain-14.2.rel1-mingw-w64-x86_64-arm-none-eabi/bin/../lib/gcc/arm-none-eabi/14.2.1/thumb/v6-m/nofp\libgcc.a(gesf2.o)
                0x00006dac                __gesf2
                0x00006dac                __gtsf2
 .text.__lesf2  0x00006e3c       0x90 C:/Users/sanfr/.mcuxpressotools/arm-gnu-toolchain-14.2.rel1-mingw-w64-x86_64-arm-none-eabi/bin/../lib/gcc/arm-none-eabi/14.2.1/thumb/v6-m/nofp\libgcc.a(lesf2.o)
                0x00006e3c                __ltsf2
                0x00006e3c                __lesf2
 .text.__eqdf2  0x00006ecc       0x8c C:/Users/sanfr/.mcuxpressotools/arm-gnu-toolchain-14.2.rel1-mingw-w64-x86_64-arm-none-eabi/bin/../lib/gcc/arm-none-eabi/14.2.1/thumb/v6-m/nofp\libgcc.a(eqdf2.o)
                0x00006ecc                __nedf2
                0x00006ecc                __eqdf2
 .text.__gedf2  0x00006f58       0xe0 C:/Users/sanfr/.mcuxpressotools/arm-gnu-toolchain-14.2.rel1-mingw-w64-x86_64-arm-none-eabi/bin/../lib/gcc/arm-none-eabi/14.2.1/thumb/v6-m/nofp\libgcc.a(gedf2.o)
                0x00006f58                __gedf2
                0x00006f58                __gtdf2
 .text.__ledf2  0x00007038       0xdc C:/Users/sanfr/.mcuxpressotools/arm-gnu-toolchain-14.2.rel1-mingw-w64-x86_64-arm-none-eabi/bin/../lib/gcc/arm-none-eabi/14.2.1/thumb/v6-m/nofp\libgcc.a(ledf2.o)
                0x00007038                __ledf2
                0x00007038                __ltdf2
 .text.exit     0x00007114       0x28 C:/Users/sanfr/.mcuxpressotools/arm-gnu-toolchain-14.2.rel1-mingw-w64-x86_64-arm-none-eabi/bin/../lib/gcc/arm-none-eabi/14.2.1/thumb/v6-m/nofp\libc_nano.a(libc_a-exit.o)
                0x00007114                exit
 .text.memset   0x0000713c       0x10 C:/Users/sanfr/.mcuxpressotools/arm-gnu-toolchain-14.2.rel1-mingw-w64-x86_64-arm-none-eabi/bin/../lib/gcc/arm-none-eabi/14.2.1/thumb/v6-m/nofp\libc_nano.a(libc_a-memset.o)
                0x0000713c                memset
 .text.__libc_init_array
                0x0000714c       0x48 C:/Users/sanfr/.mcuxpressotools/arm-gnu-toolchain-14.2.rel1-mingw-w64-x86_64-arm-none-eabi/bin/../lib/gcc/arm-none-eabi/14.2.1/thumb/v6-m/nofp\libc_nano.a(libc_a-init.o)
                0x0000714c                __libc_init_array
 .text.memcpy   0x00007194       0x12 C:/Users/sanfr/.mcuxpressotools/arm-gnu-toolchain-14.2.rel1-mingw-w64-x86_64-arm-none-eabi/bin/../lib/gcc/arm-none-eabi/14.2.1/thumb/v6-m/nofp\libc_nano.a(libc_a-memcpy-stub.o)
                0x00007194                memcpy
 .text._exit    0x000071a6        0x2 C:/Users/sanfr/.mcuxpressotools/arm-gnu-toolchain-14.2.rel1-mingw-w64-x86_64-arm-none-eabi/bin/../lib/gcc/arm-none-eabi/14.2.1/../../../../arm-none-eabi/lib/thumb/v6-m/nofp\libcr_newlib_nohost.a(_exit.o)
                0x000071a6                _exit
 .text.xQueueGenericReset
                0x000071a8      0x116 freertos/libfreertos.a(queue.c.obj)
                0x000071a8                xQueueGenericReset
 .text.xQueueGenericCreate
                0x000072be       0xbe freertos/libfreertos.a(queue.c.obj)
                0x000072be                xQueueGenericCreate
 .text.prvInitialiseNewQueue
                0x0000737c       0x4e freertos/libfreertos.a(queue.c.obj)
 .text.xQueueCreateCountingSemaphore
                0x000073ca       0x50 freertos/libfreertos.a(queue.c.obj)
                0x000073ca                xQueueCreateCountingSemaphore
 .text.xQueueGenericSend
                0x0000741a      0x172 freertos/libfreertos.a(queue.c.obj)
                0x0000741a                xQueueGenericSend
 .text.xQueueGenericSendFromISR
                0x0000758c      0x114 freertos/libfreertos.a(queue.c.obj)
                0x0000758c                xQueueGenericSendFromISR
 .text.xQueueSemaphoreTake
                0x000076a0      0x192 freertos/libfreertos.a(queue.c.obj)
                0x000076a0                xQueueSemaphoreTake
 .text.xQueuePeek
                0x00007832      0x156 freertos/libfreertos.a(queue.c.obj)
                0x00007832                xQueuePeek
 .text.uxQueueMessagesWaiting
                0x00007988       0x2c freertos/libfreertos.a(queue.c.obj)
                0x00007988                uxQueueMessagesWaiting
 .text.prvGetDisinheritPriorityAfterTimeout
                0x000079b4       0x2c freertos/libfreertos.a(queue.c.obj)
 .text.prvCopyDataToQueue
                0x000079e0       0xd6 freertos/libfreertos.a(queue.c.obj)
 .text.prvCopyDataFromQueue
                0x00007ab6       0x4c freertos/libfreertos.a(queue.c.obj)
 .text.prvUnlockQueue
                0x00007b02       0xbc freertos/libfreertos.a(queue.c.obj)
 .text.prvIsQueueEmpty
                0x00007bbe       0x2c freertos/libfreertos.a(queue.c.obj)
 .text.prvIsQueueFull
                0x00007bea       0x30 freertos/libfreertos.a(queue.c.obj)
 .text.prvCreateTask
                0x00007c1a       0x82 freertos/libfreertos.a(tasks.c.obj)
 .text.xTaskCreate
                0x00007c9c       0x4c freertos/libfreertos.a(tasks.c.obj)
                0x00007c9c                xTaskCreate
 .text.prvInitialiseNewTask
                0x00007ce8      0x108 freertos/libfreertos.a(tasks.c.obj)
 .text.prvAddNewTaskToReadyList
                0x00007df0      0x120 freertos/libfreertos.a(tasks.c.obj)
 .text.vTaskDelete
                0x00007f10       0xec freertos/libfreertos.a(tasks.c.obj)
                0x00007f10                vTaskDelete
 .text.vTaskDelay
                0x00007ffc       0x4c freertos/libfreertos.a(tasks.c.obj)
                0x00007ffc                vTaskDelay
 .text.prvCreateIdleTasks
                0x00008048       0x98 freertos/libfreertos.a(tasks.c.obj)
 .text.vTaskStartScheduler
                0x000080e0       0x58 freertos/libfreertos.a(tasks.c.obj)
                0x000080e0                vTaskStartScheduler
 .text.vTaskSuspendAll
                0x00008138       0x18 freertos/libfreertos.a(tasks.c.obj)
                0x00008138                vTaskSuspendAll
 .text.prvGetExpectedIdleTime
                0x00008150       0x70 freertos/libfreertos.a(tasks.c.obj)
 .text.xTaskResumeAll
                0x000081c0      0x1ec freertos/libfreertos.a(tasks.c.obj)
                0x000081c0                xTaskResumeAll
 .text.xTaskGetTickCount
                0x000083ac       0x1c freertos/libfreertos.a(tasks.c.obj)
                0x000083ac                xTaskGetTickCount
 .text.uxTaskGetNumberOfTasks
                0x000083c8       0x14 freertos/libfreertos.a(tasks.c.obj)
                0x000083c8                uxTaskGetNumberOfTasks
 .text.vTaskStepTick
                0x000083dc       0x84 freertos/libfreertos.a(tasks.c.obj)
                0x000083dc                vTaskStepTick
 .text.xTaskIncrementTick
                0x00008460      0x21c freertos/libfreertos.a(tasks.c.obj)
                0x00008460                xTaskIncrementTick
 .text.vTaskSwitchContext
                0x0000867c       0xa8 freertos/libfreertos.a(tasks.c.obj)
                0x0000867c                vTaskSwitchContext
 .text.vTaskPlaceOnEventList
                0x00008724       0x40 freertos/libfreertos.a(tasks.c.obj)
                0x00008724                vTaskPlaceOnEventList
 .text.xTaskRemoveFromEventList
                0x00008764      0x1a0 freertos/libfreertos.a(tasks.c.obj)
                0x00008764                xTaskRemoveFromEventList
 .text.vTaskInternalSetTimeOutState
                0x00008904       0x28 freertos/libfreertos.a(tasks.c.obj)
                0x00008904                vTaskInternalSetTimeOutState
 .text.xTaskCheckForTimeOut
                0x0000892c       0xac freertos/libfreertos.a(tasks.c.obj)
                0x0000892c                xTaskCheckForTimeOut
 .text.vTaskMissedYield
                0x000089d8       0x14 freertos/libfreertos.a(tasks.c.obj)
                0x000089d8                vTaskMissedYield
 .text.prvIdleTask
                0x000089ec       0x64 freertos/libfreertos.a(tasks.c.obj)
 .text.eTaskConfirmSleepModeStatus
                0x00008a50       0x78 freertos/libfreertos.a(tasks.c.obj)
                0x00008a50                eTaskConfirmSleepModeStatus
 .text.prvInitialiseTaskLists
                0x00008ac8       0x88 freertos/libfreertos.a(tasks.c.obj)
 .text.prvCheckTasksWaitingTermination
                0x00008b50       0x5c freertos/libfreertos.a(tasks.c.obj)
 .text.prvDeleteTCB
                0x00008bac       0x22 freertos/libfreertos.a(tasks.c.obj)
 *fill*         0x00008bce        0x2 
 .text.prvResetNextTaskUnblockTime
                0x00008bd0       0x34 freertos/libfreertos.a(tasks.c.obj)
 .text.xTaskPriorityInherit
                0x00008c04      0x124 freertos/libfreertos.a(tasks.c.obj)
                0x00008c04                xTaskPriorityInherit
 .text.xTaskPriorityDisinherit
                0x00008d28      0x10c freertos/libfreertos.a(tasks.c.obj)
                0x00008d28                xTaskPriorityDisinherit
 .text.vTaskPriorityDisinheritAfterTimeout
                0x00008e34      0x134 freertos/libfreertos.a(tasks.c.obj)
                0x00008e34                vTaskPriorityDisinheritAfterTimeout
 .text.pvTaskIncrementMutexHeldCount
                0x00008f68       0x2c freertos/libfreertos.a(tasks.c.obj)
                0x00008f68                pvTaskIncrementMutexHeldCount
 .text.prvAddCurrentTaskToDelayedList
                0x00008f94       0xe4 freertos/libfreertos.a(tasks.c.obj)
 .text.pvPortMalloc
                0x00009078      0x140 freertos/libfreertos.a(heap_2.c.obj)
                0x00009078                pvPortMalloc
 .text.vPortFree
                0x000091b8       0xac freertos/libfreertos.a(heap_2.c.obj)
                0x000091b8                vPortFree
 .text.prvHeapInit
                0x00009264       0x50 freertos/libfreertos.a(heap_2.c.obj)
 .text.pxPortInitialiseStack
                0x000092b4       0x54 freertos/libfreertos.a(port.c.obj)
                0x000092b4                pxPortInitialiseStack
 .text.prvTaskExitError
                0x00009308       0x30 freertos/libfreertos.a(port.c.obj)
 .text.SVC_Handler
                0x00009338        0xa freertos/libfreertos.a(port.c.obj)
                0x00009338                SVC_Handler
 *fill*         0x00009342        0xe 
 .text.vPortStartFirstTask
                0x00009350       0x38 freertos/libfreertos.a(port.c.obj)
 .text.xPortStartScheduler
                0x00009388       0x48 freertos/libfreertos.a(port.c.obj)
                0x00009388                xPortStartScheduler
 .text.vPortYield
                0x000093d0       0x20 freertos/libfreertos.a(port.c.obj)
                0x000093d0                vPortYield
 .text.vPortEnterCritical
                0x000093f0       0x24 freertos/libfreertos.a(port.c.obj)
                0x000093f0                vPortEnterCritical
 .text.vPortExitCritical
                0x00009414       0x30 freertos/libfreertos.a(port.c.obj)
                0x00009414                vPortExitCritical
 .text.ulSetInterruptMaskFromISR
                0x00009444        0xc freertos/libfreertos.a(port.c.obj)
                0x00009444                ulSetInterruptMaskFromISR
 .text.vClearInterruptMaskFromISR
                0x00009450        0x8 freertos/libfreertos.a(port.c.obj)
                0x00009450                vClearInterruptMaskFromISR
 *fill*         0x00009458        0x8 
 .text.PendSV_Handler
                0x00009460       0x48 freertos/libfreertos.a(port.c.obj)
                0x00009460                PendSV_Handler
 .text.SysTick_Handler
                0x000094a8       0x34 freertos/libfreertos.a(port.c.obj)
                0x000094a8                SysTick_Handler
 .text.vPortSetupTimerInterrupt
                0x000094dc       0x84 freertos/libfreertos.a(port.c.obj)
                0x000094dc                vPortSetupTimerInterrupt
 .text.vPortSuppressTicksAndSleep
                0x00009560      0x194 freertos/libfreertos.a(port.c.obj)
                0x00009560                vPortSuppressTicksAndSleep
 .text.vListInitialise
                0x000096f4       0x3c freertos/libfreertos.a(list.c.obj)
                0x000096f4                vListInitialise
 .text.vListInitialiseItem
                0x00009730       0x16 freertos/libfreertos.a(list.c.obj)
                0x00009730                vListInitialiseItem
 .text.vListInsertEnd
                0x00009746       0x44 freertos/libfreertos.a(list.c.obj)
                0x00009746                vListInsertEnd
 .text.vListInsert
                0x0000978a       0x6c freertos/libfreertos.a(list.c.obj)
                0x0000978a                vListInsert
 .text.uxListRemove
                0x000097f6       0x50 freertos/libfreertos.a(list.c.obj)
                0x000097f6                uxListRemove
 *(.rodata)
 *fill*         0x00009846        0x2 
 .rodata        0x00009848       0x61 CMakeFiles/new_project.elf.dir/D_/Col/UTN/curso-lse/trabajo_integrador/integrador_final/Codigo/main.c.obj
 *fill*         0x000098a9        0x3 
 .rodata        0x000098ac       0x64 CMakeFiles/new_project.elf.dir/D_/Col/UTN/curso-lse/trabajo_integrador/integrador_final/Codigo/board.c.obj
 .rodata        0x00009910       0x78 CMakeFiles/new_project.elf.dir/D_/Col/UTN/curso-lse/trabajo_integrador/integrador_final/Codigo/clock_config.c.obj
 .rodata        0x00009988      0x1e4 CMakeFiles/new_project.elf.dir/D_/Col/UTN/curso-lse/trabajo_integrador/integrador_final/Codigo/wrappers.c.obj
 .rodata        0x00009b6c       0xbb CMakeFiles/new_project.elf.dir/D_/Col/UTN/curso-lse/trabajo_integrador/integrador_final/Codigo/app_tasks.c.obj
 *fill*         0x00009c27        0x1 
 .rodata        0x00009c28      0x10f CMakeFiles/new_project.elf.dir/D_/Col/UTN/curso-lse/trabajo_integrador/integrador_final/sdks/Codigo_sdk/components/uart/fsl_adapter_miniusart.c.obj
 *fill*         0x00009d37        0x1 
 .rodata        0x00009d38       0xcc CMakeFiles/new_project.elf.dir/D_/Col/UTN/curso-lse/trabajo_integrador/integrador_final/sdks/Codigo_sdk/devices/LPC845/drivers/fsl_clock.c.obj
 .rodata        0x00009e04       0x85 CMakeFiles/new_project.elf.dir/D_/Col/UTN/curso-lse/trabajo_integrador/integrador_final/sdks/Codigo_sdk/devices/LPC845/drivers/fsl_common_arm.c.obj
 *fill*         0x00009e89        0x3 
 .rodata        0x00009e8c       0xd8 CMakeFiles/new_project.elf.dir/D_/Col/UTN/curso-lse/trabajo_integrador/integrador_final/sdks/Codigo_sdk/devices/LPC845/drivers/fsl_adc.c.obj
 .rodata        0x00009f64       0x8f CMakeFiles/new_project.elf.dir/D_/Col/UTN/curso-lse/trabajo_integrador/integrador_final/sdks/Codigo_sdk/devices/LPC845/drivers/fsl_gpio.c.obj
 *fill*         0x00009ff3        0x1 
 .rodata        0x00009ff4      0x184 CMakeFiles/new_project.elf.dir/D_/Col/UTN/curso-lse/trabajo_integrador/integrador_final/sdks/Codigo_sdk/devices/LPC845/drivers/fsl_i2c.c.obj
 .rodata        0x0000a178      0x2ab CMakeFiles/new_project.elf.dir/D_/Col/UTN/curso-lse/trabajo_integrador/integrador_final/sdks/Codigo_sdk/devices/LPC845/drivers/fsl_usart.c.obj
 *fill*         0x0000a423        0x1 
 .rodata        0x0000a424       0x7c CMakeFiles/new_project.elf.dir/D_/Col/UTN/curso-lse/trabajo_integrador/integrador_final/sdks/Codigo_sdk/devices/LPC845/drivers/fsl_reset.c.obj
 .rodata        0x0000a4a0      0x28f CMakeFiles/new_project.elf.dir/D_/Col/UTN/curso-lse/trabajo_integrador/integrador_final/sdks/Codigo_sdk/devices/LPC845/drivers/fsl_sctimer.c.obj
 *fill*         0x0000a72f        0x1 
 .rodata        0x0000a730       0x9a CMakeFiles/new_project.elf.dir/D_/Col/UTN/curso-lse/trabajo_integrador/integrador_final/sdks/Codigo_sdk/devices/LPC845/drivers/fsl_swm.c.obj
 *fill*         0x0000a7ca        0x2 
 .rodata        0x0000a7cc       0x3e CMakeFiles/new_project.elf.dir/D_/Col/UTN/curso-lse/trabajo_integrador/integrador_final/sdks/Codigo_sdk/devices/LPC845/utilities/debug_console_lite/fsl_assert.c.obj
 *fill*         0x0000a80a        0x2 
 .rodata        0x0000a80c        0x5 freertos/libfreertos.a(tasks.c.obj)
 *(.rodata*)
 *fill*         0x0000a811        0x3 
 .rodata.__func__.0
                0x0000a814       0x17 CMakeFiles/new_project.elf.dir/D_/Col/UTN/curso-lse/trabajo_integrador/integrador_final/Codigo/board.c.obj
 *fill*         0x0000a82b        0x1 
 .rodata.__func__.0
                0x0000a82c       0x17 CMakeFiles/new_project.elf.dir/D_/Col/UTN/curso-lse/trabajo_integrador/integrador_final/Codigo/clock_config.c.obj
 *fill*         0x0000a843        0x1 
 .rodata.__func__.0
                0x0000a844       0x13 CMakeFiles/new_project.elf.dir/D_/Col/UTN/curso-lse/trabajo_integrador/integrador_final/Codigo/wrappers.c.obj
 *fill*         0x0000a857        0x1 
 .rodata.s_UsartAdapterBase
                0x0000a858       0x14 CMakeFiles/new_project.elf.dir/D_/Col/UTN/curso-lse/trabajo_integrador/integrador_final/sdks/Codigo_sdk/components/uart/fsl_adapter_miniusart.c.obj
 .rodata.__func__.5
                0x0000a86c        0xd CMakeFiles/new_project.elf.dir/D_/Col/UTN/curso-lse/trabajo_integrador/integrador_final/sdks/Codigo_sdk/components/uart/fsl_adapter_miniusart.c.obj
 *fill*         0x0000a879        0x3 
 .rodata.__func__.3
                0x0000a87c       0x18 CMakeFiles/new_project.elf.dir/D_/Col/UTN/curso-lse/trabajo_integrador/integrador_final/sdks/Codigo_sdk/components/uart/fsl_adapter_miniusart.c.obj
 .rodata.__func__.2
                0x0000a894       0x15 CMakeFiles/new_project.elf.dir/D_/Col/UTN/curso-lse/trabajo_integrador/integrador_final/sdks/Codigo_sdk/components/uart/fsl_adapter_miniusart.c.obj
 *fill*         0x0000a8a9        0x3 
 .rodata.CLOCK_GetFreq
                0x0000a8ac       0x24 CMakeFiles/new_project.elf.dir/D_/Col/UTN/curso-lse/trabajo_integrador/integrador_final/sdks/Codigo_sdk/devices/LPC845/drivers/fsl_clock.c.obj
 .rodata.__func__.2
                0x0000a8d0       0x13 CMakeFiles/new_project.elf.dir/D_/Col/UTN/curso-lse/trabajo_integrador/integrador_final/sdks/Codigo_sdk/devices/LPC845/drivers/fsl_clock.c.obj
 *fill*         0x0000a8e3        0x1 
 .rodata.__func__.0
                0x0000a8e4       0x13 CMakeFiles/new_project.elf.dir/D_/Col/UTN/curso-lse/trabajo_integrador/integrador_final/sdks/Codigo_sdk/devices/LPC845/drivers/fsl_common_arm.c.obj
 *fill*         0x0000a8f7        0x1 
 .rodata.__func__.7
                0x0000a8f8       0x10 CMakeFiles/new_project.elf.dir/D_/Col/UTN/curso-lse/trabajo_integrador/integrador_final/sdks/Codigo_sdk/devices/LPC845/drivers/fsl_adc.c.obj
 .rodata.__func__.6
                0x0000a908        0x9 CMakeFiles/new_project.elf.dir/D_/Col/UTN/curso-lse/trabajo_integrador/integrador_final/sdks/Codigo_sdk/devices/LPC845/drivers/fsl_adc.c.obj
 *fill*         0x0000a911        0x3 
 .rodata.__func__.5
                0x0000a914       0x16 CMakeFiles/new_project.elf.dir/D_/Col/UTN/curso-lse/trabajo_integrador/integrador_final/sdks/Codigo_sdk/devices/LPC845/drivers/fsl_adc.c.obj
 *fill*         0x0000a92a        0x2 
 .rodata.__func__.4
                0x0000a92c       0x16 CMakeFiles/new_project.elf.dir/D_/Col/UTN/curso-lse/trabajo_integrador/integrador_final/sdks/Codigo_sdk/devices/LPC845/drivers/fsl_adc.c.obj
 *fill*         0x0000a942        0x2 
 .rodata.__func__.0
                0x0000a944       0x1f CMakeFiles/new_project.elf.dir/D_/Col/UTN/curso-lse/trabajo_integrador/integrador_final/sdks/Codigo_sdk/devices/LPC845/drivers/fsl_adc.c.obj
 *fill*         0x0000a963        0x1 
 .rodata.s_gpioClockName
                0x0000a964        0x4 CMakeFiles/new_project.elf.dir/D_/Col/UTN/curso-lse/trabajo_integrador/integrador_final/sdks/Codigo_sdk/devices/LPC845/drivers/fsl_gpio.c.obj
 .rodata.s_gpioResets
                0x0000a968        0x8 CMakeFiles/new_project.elf.dir/D_/Col/UTN/curso-lse/trabajo_integrador/integrador_final/sdks/Codigo_sdk/devices/LPC845/drivers/fsl_gpio.c.obj
 .rodata.__func__.0
                0x0000a970       0x15 CMakeFiles/new_project.elf.dir/D_/Col/UTN/curso-lse/trabajo_integrador/integrador_final/sdks/Codigo_sdk/devices/LPC845/drivers/fsl_gpio.c.obj
 *fill*         0x0000a985        0x3 
 .rodata.s_i2cBases
                0x0000a988       0x10 CMakeFiles/new_project.elf.dir/D_/Col/UTN/curso-lse/trabajo_integrador/integrador_final/sdks/Codigo_sdk/devices/LPC845/drivers/fsl_i2c.c.obj
 .rodata.s_i2cClocks
                0x0000a998        0x8 CMakeFiles/new_project.elf.dir/D_/Col/UTN/curso-lse/trabajo_integrador/integrador_final/sdks/Codigo_sdk/devices/LPC845/drivers/fsl_i2c.c.obj
 .rodata.s_i2cResets
                0x0000a9a0       0x10 CMakeFiles/new_project.elf.dir/D_/Col/UTN/curso-lse/trabajo_integrador/integrador_final/sdks/Codigo_sdk/devices/LPC845/drivers/fsl_i2c.c.obj
 .rodata.__func__.13
                0x0000a9b0       0x10 CMakeFiles/new_project.elf.dir/D_/Col/UTN/curso-lse/trabajo_integrador/integrador_final/sdks/Codigo_sdk/devices/LPC845/drivers/fsl_i2c.c.obj
 .rodata.__func__.12
                0x0000a9c0       0x16 CMakeFiles/new_project.elf.dir/D_/Col/UTN/curso-lse/trabajo_integrador/integrador_final/sdks/Codigo_sdk/devices/LPC845/drivers/fsl_i2c.c.obj
 *fill*         0x0000a9d6        0x2 
 .rodata.__func__.11
                0x0000a9d8       0x18 CMakeFiles/new_project.elf.dir/D_/Col/UTN/curso-lse/trabajo_integrador/integrador_final/sdks/Codigo_sdk/devices/LPC845/drivers/fsl_i2c.c.obj
 .rodata.__func__.10
                0x0000a9f0       0x17 CMakeFiles/new_project.elf.dir/D_/Col/UTN/curso-lse/trabajo_integrador/integrador_final/sdks/Codigo_sdk/devices/LPC845/drivers/fsl_i2c.c.obj
 *fill*         0x0000aa07        0x1 
 .rodata.s_usartBaseAddrs
                0x0000aa08       0x14 CMakeFiles/new_project.elf.dir/D_/Col/UTN/curso-lse/trabajo_integrador/integrador_final/sdks/Codigo_sdk/devices/LPC845/drivers/fsl_usart.c.obj
 .rodata.s_usartClock
                0x0000aa1c        0xa CMakeFiles/new_project.elf.dir/D_/Col/UTN/curso-lse/trabajo_integrador/integrador_final/sdks/Codigo_sdk/devices/LPC845/drivers/fsl_usart.c.obj
 *fill*         0x0000aa26        0x2 
 .rodata.s_usartRest
                0x0000aa28       0x14 CMakeFiles/new_project.elf.dir/D_/Col/UTN/curso-lse/trabajo_integrador/integrador_final/sdks/Codigo_sdk/devices/LPC845/drivers/fsl_usart.c.obj
 .rodata.__func__.18
                0x0000aa3c       0x12 CMakeFiles/new_project.elf.dir/D_/Col/UTN/curso-lse/trabajo_integrador/integrador_final/sdks/Codigo_sdk/devices/LPC845/drivers/fsl_usart.c.obj
 *fill*         0x0000aa4e        0x2 
 .rodata.__func__.13
                0x0000aa50        0xb CMakeFiles/new_project.elf.dir/D_/Col/UTN/curso-lse/trabajo_integrador/integrador_final/sdks/Codigo_sdk/devices/LPC845/drivers/fsl_usart.c.obj
 *fill*         0x0000aa5b        0x1 
 .rodata.__func__.11
                0x0000aa5c       0x17 CMakeFiles/new_project.elf.dir/D_/Col/UTN/curso-lse/trabajo_integrador/integrador_final/sdks/Codigo_sdk/devices/LPC845/drivers/fsl_usart.c.obj
 *fill*         0x0000aa73        0x1 
 .rodata.__func__.10
                0x0000aa74       0x12 CMakeFiles/new_project.elf.dir/D_/Col/UTN/curso-lse/trabajo_integrador/integrador_final/sdks/Codigo_sdk/devices/LPC845/drivers/fsl_usart.c.obj
 *fill*         0x0000aa86        0x2 
 .rodata.__func__.9
                0x0000aa88       0x14 CMakeFiles/new_project.elf.dir/D_/Col/UTN/curso-lse/trabajo_integrador/integrador_final/sdks/Codigo_sdk/devices/LPC845/drivers/fsl_usart.c.obj
 .rodata.__func__.8
                0x0000aa9c       0x13 CMakeFiles/new_project.elf.dir/D_/Col/UTN/curso-lse/trabajo_integrador/integrador_final/sdks/Codigo_sdk/devices/LPC845/drivers/fsl_usart.c.obj
 *fill*         0x0000aaaf        0x1 
 .rodata.__func__.1
                0x0000aab0       0x19 CMakeFiles/new_project.elf.dir/D_/Col/UTN/curso-lse/trabajo_integrador/integrador_final/sdks/Codigo_sdk/devices/LPC845/drivers/fsl_reset.c.obj
 *fill*         0x0000aac9        0x3 
 .rodata.__func__.0
                0x0000aacc       0x1b CMakeFiles/new_project.elf.dir/D_/Col/UTN/curso-lse/trabajo_integrador/integrador_final/sdks/Codigo_sdk/devices/LPC845/drivers/fsl_reset.c.obj
 *fill*         0x0000aae7        0x1 
 .rodata.__func__.10
                0x0000aae8       0x14 CMakeFiles/new_project.elf.dir/D_/Col/UTN/curso-lse/trabajo_integrador/integrador_final/sdks/Codigo_sdk/devices/LPC845/drivers/fsl_sctimer.c.obj
 .rodata.__func__.9
                0x0000aafc        0xd CMakeFiles/new_project.elf.dir/D_/Col/UTN/curso-lse/trabajo_integrador/integrador_final/sdks/Codigo_sdk/devices/LPC845/drivers/fsl_sctimer.c.obj
 *fill*         0x0000ab09        0x3 
 .rodata.__func__.8
                0x0000ab0c       0x19 CMakeFiles/new_project.elf.dir/D_/Col/UTN/curso-lse/trabajo_integrador/integrador_final/sdks/Codigo_sdk/devices/LPC845/drivers/fsl_sctimer.c.obj
 *fill*         0x0000ab25        0x3 
 .rodata.__func__.7
                0x0000ab28       0x11 CMakeFiles/new_project.elf.dir/D_/Col/UTN/curso-lse/trabajo_integrador/integrador_final/sdks/Codigo_sdk/devices/LPC845/drivers/fsl_sctimer.c.obj
 *fill*         0x0000ab39        0x3 
 .rodata.__func__.6
                0x0000ab3c       0x20 CMakeFiles/new_project.elf.dir/D_/Col/UTN/curso-lse/trabajo_integrador/integrador_final/sdks/Codigo_sdk/devices/LPC845/drivers/fsl_sctimer.c.obj
 .rodata.__func__.5
                0x0000ab5c       0x1f CMakeFiles/new_project.elf.dir/D_/Col/UTN/curso-lse/trabajo_integrador/integrador_final/sdks/Codigo_sdk/devices/LPC845/drivers/fsl_sctimer.c.obj
 *fill*         0x0000ab7b        0x1 
 .rodata.__func__.4
                0x0000ab7c       0x1d CMakeFiles/new_project.elf.dir/D_/Col/UTN/curso-lse/trabajo_integrador/integrador_final/sdks/Codigo_sdk/devices/LPC845/drivers/fsl_sctimer.c.obj
 *fill*         0x0000ab99        0x3 
 .rodata.__func__.3
                0x0000ab9c       0x1b CMakeFiles/new_project.elf.dir/D_/Col/UTN/curso-lse/trabajo_integrador/integrador_final/sdks/Codigo_sdk/devices/LPC845/drivers/fsl_sctimer.c.obj
 *fill*         0x0000abb7        0x1 
 .rodata.__func__.2
                0x0000abb8       0x12 CMakeFiles/new_project.elf.dir/D_/Col/UTN/curso-lse/trabajo_integrador/integrador_final/sdks/Codigo_sdk/devices/LPC845/drivers/fsl_sctimer.c.obj
 *fill*         0x0000abca        0x2 
 .rodata.__func__.1
                0x0000abcc       0x13 CMakeFiles/new_project.elf.dir/D_/Col/UTN/curso-lse/trabajo_integrador/integrador_final/sdks/Codigo_sdk/devices/LPC845/drivers/fsl_sctimer.c.obj
 *fill*         0x0000abdf        0x1 
 .rodata.__func__.1
                0x0000abe0       0x18 CMakeFiles/new_project.elf.dir/D_/Col/UTN/curso-lse/trabajo_integrador/integrador_final/sdks/Codigo_sdk/devices/LPC845/drivers/fsl_swm.c.obj
 .rodata.__func__.0
                0x0000abf8       0x16 CMakeFiles/new_project.elf.dir/D_/Col/UTN/curso-lse/trabajo_integrador/integrador_final/sdks/Codigo_sdk/devices/LPC845/drivers/fsl_swm.c.obj
 *fill*         0x0000ac0e        0x2 
 .rodata.__aeabi_ddiv
                0x0000ac10       0x40 C:/Users/sanfr/.mcuxpressotools/arm-gnu-toolchain-14.2.rel1-mingw-w64-x86_64-arm-none-eabi/bin/../lib/gcc/arm-none-eabi/14.2.1/thumb/v6-m/nofp\libgcc.a(divdf3.o)
 .rodata.uxTopUsedPriority
                0x0000ac50        0x4 freertos/libfreertos.a(tasks.c.obj)
 *(.glue_7)
 .glue_7        0x0000ac54        0x0 linker stubs
 *(.glue_7t)
 .glue_7t       0x0000ac54        0x0 linker stubs
 *(.eh_frame)
 .eh_frame      0x0000ac54        0x0 C:/Users/sanfr/.mcuxpressotools/arm-gnu-toolchain-14.2.rel1-mingw-w64-x86_64-arm-none-eabi/bin/../lib/gcc/arm-none-eabi/14.2.1/thumb/v6-m/nofp/crtbegin.o
 *(.init)
 .init          0x0000ac54        0x4 C:/Users/sanfr/.mcuxpressotools/arm-gnu-toolchain-14.2.rel1-mingw-w64-x86_64-arm-none-eabi/bin/../lib/gcc/arm-none-eabi/14.2.1/thumb/v6-m/nofp/crti.o
                0x0000ac54                _init
 .init          0x0000ac58        0x8 C:/Users/sanfr/.mcuxpressotools/arm-gnu-toolchain-14.2.rel1-mingw-w64-x86_64-arm-none-eabi/bin/../lib/gcc/arm-none-eabi/14.2.1/thumb/v6-m/nofp/crtn.o
 *(.fini)
 .fini          0x0000ac60        0x4 C:/Users/sanfr/.mcuxpressotools/arm-gnu-toolchain-14.2.rel1-mingw-w64-x86_64-arm-none-eabi/bin/../lib/gcc/arm-none-eabi/14.2.1/thumb/v6-m/nofp/crti.o
                0x0000ac60                _fini
 .fini          0x0000ac64        0x8 C:/Users/sanfr/.mcuxpressotools/arm-gnu-toolchain-14.2.rel1-mingw-w64-x86_64-arm-none-eabi/bin/../lib/gcc/arm-none-eabi/14.2.1/thumb/v6-m/nofp/crtn.o
                0x0000ac6c                        . = ALIGN (0x4)

.vfp11_veneer   0x0000ac6c        0x0
 .vfp11_veneer  0x0000ac6c        0x0 linker stubs

.v4_bx          0x0000ac6c        0x0
 .v4_bx         0x0000ac6c        0x0 linker stubs

.iplt           0x0000ac6c        0x0
 .iplt          0x0000ac6c        0x0 C:/Users/sanfr/.mcuxpressotools/arm-gnu-toolchain-14.2.rel1-mingw-w64-x86_64-arm-none-eabi/bin/../lib/gcc/arm-none-eabi/14.2.1/thumb/v6-m/nofp/crtbegin.o

.ARM.extab
 *(.ARM.extab* .gnu.linkonce.armextab.*)

.ARM            0x0000ac6c        0x8
                0x0000ac6c                        __exidx_start = .
 *(.ARM.exidx*)
 .ARM.exidx     0x0000ac6c        0x8 C:/Users/sanfr/.mcuxpressotools/arm-gnu-toolchain-14.2.rel1-mingw-w64-x86_64-arm-none-eabi/bin/../lib/gcc/arm-none-eabi/14.2.1/thumb/v6-m/nofp/crt0.o
                                 0x10 (size before relaxing)
 .ARM.exidx.text.__udivmoddi4
                0x0000ac74        0x0 C:/Users/sanfr/.mcuxpressotools/arm-gnu-toolchain-14.2.rel1-mingw-w64-x86_64-arm-none-eabi/bin/../lib/gcc/arm-none-eabi/14.2.1/thumb/v6-m/nofp\libgcc.a(_udivmoddi4.o)
                                  0x8 (size before relaxing)
                0x0000ac74                        __exidx_end = .

.rel.dyn        0x0000ac74        0x0
 .rel.iplt      0x0000ac74        0x0 C:/Users/sanfr/.mcuxpressotools/arm-gnu-toolchain-14.2.rel1-mingw-w64-x86_64-arm-none-eabi/bin/../lib/gcc/arm-none-eabi/14.2.1/thumb/v6-m/nofp/crtbegin.o

.ctors          0x0000ac74        0x0
                0x0000ac74                        __CTOR_LIST__ = .
 *crtbegin.o(.ctors)
 *crtbegin?.o(.ctors)
 *(EXCLUDE_FILE(*crtend.o *crtend?.o) .ctors)
 *(SORT_BY_NAME(.ctors.*))
 *(.ctors)
                0x0000ac74                        __CTOR_END__ = .

.dtors          0x0000ac74        0x0
                0x0000ac74                        __DTOR_LIST__ = .
 *crtbegin.o(.dtors)
 *crtbegin?.o(.dtors)
 *(EXCLUDE_FILE(*crtend.o *crtend?.o) .dtors)
 *(SORT_BY_NAME(.dtors.*))
 *(.dtors)
                0x0000ac74                        __DTOR_END__ = .

.preinit_array  0x0000ac74        0x0
                0x0000ac74                        PROVIDE (__preinit_array_start = .)
 *(.preinit_array*)
                0x0000ac74                        PROVIDE (__preinit_array_end = .)

.init_array     0x0000ac74        0x4
                0x0000ac74                        PROVIDE (__init_array_start = .)
 *(SORT_BY_NAME(.init_array.*))
 *(.init_array*)
 .init_array    0x0000ac74        0x4 C:/Users/sanfr/.mcuxpressotools/arm-gnu-toolchain-14.2.rel1-mingw-w64-x86_64-arm-none-eabi/bin/../lib/gcc/arm-none-eabi/14.2.1/thumb/v6-m/nofp/crtbegin.o
                0x0000ac78                        PROVIDE (__init_array_end = .)

.fini_array     0x0000ac78        0x4
                [!provide]                        PROVIDE (__fini_array_start = .)
 *(SORT_BY_NAME(.fini_array.*))
 *(.fini_array*)
 .fini_array    0x0000ac78        0x4 C:/Users/sanfr/.mcuxpressotools/arm-gnu-toolchain-14.2.rel1-mingw-w64-x86_64-arm-none-eabi/bin/../lib/gcc/arm-none-eabi/14.2.1/thumb/v6-m/nofp/crtbegin.o
                [!provide]                        PROVIDE (__fini_array_end = .)
                0x0000ac7c                        __etext = .
                0x0000ac7c                        __DATA_ROM = .

.data           0x10000000        0xc load address 0x0000ac7c
                0x10000000                        . = ALIGN (0x4)
                0x10000000                        __DATA_RAM = .
                0x10000000                        __data_start__ = .
 *(.ramfunc*)
 *(.data)
 *(.data*)
 .data.SystemCoreClock
                0x10000000        0x4 CMakeFiles/new_project.elf.dir/D_/Col/UTN/curso-lse/trabajo_integrador/integrador_final/sdks/Codigo_sdk/devices/LPC845/system_LPC845.c.obj
                0x10000000                SystemCoreClock
 .data.xFreeBytesRemaining
                0x10000004        0x4 freertos/libfreertos.a(heap_2.c.obj)
 .data.uxCriticalNesting
                0x10000008        0x4 freertos/libfreertos.a(port.c.obj)
 *(.jcr*)
                0x1000000c                        . = ALIGN (0x4)
                0x1000000c                        __data_end__ = .
                0x0000ac88                        __DATA_END = (__DATA_ROM + (__data_end__ - __data_start__))
                0x00010000                        text_end = (ORIGIN (m_text) + LENGTH (m_text))
                0x00000001                        ASSERT ((__DATA_END <= text_end), region m_text overflowed with text and data)

.tm_clone_table
                0x1000000c        0x0 load address 0x0000ac88
 .tm_clone_table
                0x1000000c        0x0 C:/Users/sanfr/.mcuxpressotools/arm-gnu-toolchain-14.2.rel1-mingw-w64-x86_64-arm-none-eabi/bin/../lib/gcc/arm-none-eabi/14.2.1/thumb/v6-m/nofp/crtbegin.o
 .tm_clone_table
                0x1000000c        0x0 C:/Users/sanfr/.mcuxpressotools/arm-gnu-toolchain-14.2.rel1-mingw-w64-x86_64-arm-none-eabi/bin/../lib/gcc/arm-none-eabi/14.2.1/thumb/v6-m/nofp/crtend.o

.igot.plt       0x1000000c        0x0 load address 0x0000ac88
 .igot.plt      0x1000000c        0x0 C:/Users/sanfr/.mcuxpressotools/arm-gnu-toolchain-14.2.rel1-mingw-w64-x86_64-arm-none-eabi/bin/../lib/gcc/arm-none-eabi/14.2.1/thumb/v6-m/nofp/crtbegin.o

.bss            0x1000000c     0x2230 load address 0x0000ac88
                0x1000000c                        . = ALIGN (0x4)
                0x1000000c                        __START_BSS = .
                0x1000000c                        __bss_start__ = .
 *(.bss)
 *(.bss*)
 .bss.completed.1
                0x1000000c        0x1 C:/Users/sanfr/.mcuxpressotools/arm-gnu-toolchain-14.2.rel1-mingw-w64-x86_64-arm-none-eabi/bin/../lib/gcc/arm-none-eabi/14.2.1/thumb/v6-m/nofp/crtbegin.o
 *fill*         0x1000000d        0x3 
 .bss.object.0  0x10000010       0x18 C:/Users/sanfr/.mcuxpressotools/arm-gnu-toolchain-14.2.rel1-mingw-w64-x86_64-arm-none-eabi/bin/../lib/gcc/arm-none-eabi/14.2.1/thumb/v6-m/nofp/crtbegin.o
 .bss.pwm_bled_event
                0x10000028        0x4 CMakeFiles/new_project.elf.dir/D_/Col/UTN/curso-lse/trabajo_integrador/integrador_final/Codigo/wrappers.c.obj
 .bss.pwm_rled_event
                0x1000002c        0x4 CMakeFiles/new_project.elf.dir/D_/Col/UTN/curso-lse/trabajo_integrador/integrador_final/Codigo/wrappers.c.obj
 .bss.pwm_gled_event
                0x10000030        0x4 CMakeFiles/new_project.elf.dir/D_/Col/UTN/curso-lse/trabajo_integrador/integrador_final/Codigo/wrappers.c.obj
 .bss.queue_adc
                0x10000034        0x4 CMakeFiles/new_project.elf.dir/D_/Col/UTN/curso-lse/trabajo_integrador/integrador_final/Codigo/app_tasks.c.obj
                0x10000034                queue_adc
 .bss.queue_lux
                0x10000038        0x4 CMakeFiles/new_project.elf.dir/D_/Col/UTN/curso-lse/trabajo_integrador/integrador_final/Codigo/app_tasks.c.obj
                0x10000038                queue_lux
 .bss.queue_display
                0x1000003c        0x4 CMakeFiles/new_project.elf.dir/D_/Col/UTN/curso-lse/trabajo_integrador/integrador_final/Codigo/app_tasks.c.obj
                0x1000003c                queue_display
 .bss.queue_display_control
                0x10000040        0x4 CMakeFiles/new_project.elf.dir/D_/Col/UTN/curso-lse/trabajo_integrador/integrador_final/Codigo/app_tasks.c.obj
                0x10000040                queue_display_control
 .bss.queue_setpoint
                0x10000044        0x4 CMakeFiles/new_project.elf.dir/D_/Col/UTN/curso-lse/trabajo_integrador/integrador_final/Codigo/app_tasks.c.obj
                0x10000044                queue_setpoint
 .bss.semphr_buzz
                0x10000048        0x4 CMakeFiles/new_project.elf.dir/D_/Col/UTN/curso-lse/trabajo_integrador/integrador_final/Codigo/app_tasks.c.obj
                0x10000048                semphr_buzz
 .bss.semphr_counter
                0x1000004c        0x4 CMakeFiles/new_project.elf.dir/D_/Col/UTN/curso-lse/trabajo_integrador/integrador_final/Codigo/app_tasks.c.obj
                0x1000004c                semphr_counter
 .bss.semphr_usr
                0x10000050        0x4 CMakeFiles/new_project.elf.dir/D_/Col/UTN/curso-lse/trabajo_integrador/integrador_final/Codigo/app_tasks.c.obj
                0x10000050                semphr_usr
 .bss.handle_display
                0x10000054        0x4 CMakeFiles/new_project.elf.dir/D_/Col/UTN/curso-lse/trabajo_integrador/integrador_final/Codigo/app_tasks.c.obj
                0x10000054                handle_display
 .bss.g_Ext_Clk_Freq
                0x10000058        0x4 CMakeFiles/new_project.elf.dir/D_/Col/UTN/curso-lse/trabajo_integrador/integrador_final/sdks/Codigo_sdk/devices/LPC845/drivers/fsl_clock.c.obj
                0x10000058                g_Ext_Clk_Freq
 .bss.g_Wdt_Osc_Freq
                0x1000005c        0x4 CMakeFiles/new_project.elf.dir/D_/Col/UTN/curso-lse/trabajo_integrador/integrador_final/sdks/Codigo_sdk/devices/LPC845/drivers/fsl_clock.c.obj
                0x1000005c                g_Wdt_Osc_Freq
 .bss.s_i2cHandle
                0x10000060       0x10 CMakeFiles/new_project.elf.dir/D_/Col/UTN/curso-lse/trabajo_integrador/integrador_final/sdks/Codigo_sdk/devices/LPC845/drivers/fsl_i2c.c.obj
 .bss.s_i2cMasterIsr
                0x10000070        0x4 CMakeFiles/new_project.elf.dir/D_/Col/UTN/curso-lse/trabajo_integrador/integrador_final/sdks/Codigo_sdk/devices/LPC845/drivers/fsl_i2c.c.obj
 .bss.s_i2cSlaveIsr
                0x10000074        0x4 CMakeFiles/new_project.elf.dir/D_/Col/UTN/curso-lse/trabajo_integrador/integrador_final/sdks/Codigo_sdk/devices/LPC845/drivers/fsl_i2c.c.obj
 .bss.s_usartHandle
                0x10000078       0x14 CMakeFiles/new_project.elf.dir/D_/Col/UTN/curso-lse/trabajo_integrador/integrador_final/sdks/Codigo_sdk/devices/LPC845/drivers/fsl_usart.c.obj
 .bss.s_usartIsr
                0x1000008c        0x4 CMakeFiles/new_project.elf.dir/D_/Col/UTN/curso-lse/trabajo_integrador/integrador_final/sdks/Codigo_sdk/devices/LPC845/drivers/fsl_usart.c.obj
 .bss.s_eventCallback