D:/Col/UTN/curso-lse/trabajo_integrador/integrador_final/sdks/Codigo_sdk/devices/LPC845/drivers/fsl_gpio.h:153:20:GPIO_PinWrite	24	static
D:/Col/UTN/curso-lse/trabajo_integrador/integrador_final/sdks/Codigo_sdk/devices/LPC845/drivers/fsl_gpio.h:172:24:GPIO_PinRead	24	static
D:/Col/UTN/curso-lse/trabajo_integrador/integrador_final/sdks/Codigo_sdk/devices/LPC845/drivers/fsl_gpio.h:210:20:GPIO_PortToggle	24	static
D:/Col/UTN/curso-lse/trabajo_integrador/integrador_final/sdks/Codigo_sdk/devices/LPC845/drivers/fsl_adc.h:497:20:ADC_DoSoftwareTriggerConvSeqA	16	static
D:/Col/UTN/curso-lse/trabajo_integrador/integrador_final/Codigo/wrappers.h:44:20:wrapper_gpio_init	16	static
D:/Col/UTN/curso-lse/trabajo_integrador/integrador_final/Codigo/wrappers.h:53:20:wrapper_btn_get	24	static
D:/Col/UTN/curso-lse/trabajo_integrador/integrador_final/Codigo/wrappers.h:63:20:wrapper_output_init	40	static
D:/Col/UTN/curso-lse/trabajo_integrador/integrador_final/Codigo/wrappers.h:73:24:wrapper_gpio_get_port	24	static
D:/Col/UTN/curso-lse/trabajo_integrador/integrador_final/Codigo/wrappers.h:83:24:wrapper_gpio_get_pin	24	static
D:/Col/UTN/curso-lse/trabajo_integrador/integrador_final/Codigo/wrappers.h:92:20:wrapper_output_toggle	32	static
D:/Col/UTN/curso-lse/trabajo_integrador/integrador_final/Codigo/wrappers.h:100:20:wrapper_display_off	8	static
D:/Col/UTN/curso-lse/trabajo_integrador/integrador_final/Codigo/wrappers.h:110:20:wrapper_display_on	24	static
D:/Col/UTN/curso-lse/trabajo_integrador/integrador_final/Codigo/app_tasks.h:62:20:wrapper_btn_get_with_debouncing_with_pull_up	24	static
D:/Col/UTN/curso-lse/trabajo_integrador/integrador_final/Codigo/app_tasks.c:27:6:task_init	64	static
D:/Col/UTN/curso-lse/trabajo_integrador/integrador_final/Codigo/app_tasks.c:69:6:task_adc	16	static
D:/Col/UTN/curso-lse/trabajo_integrador/integrador_final/Codigo/app_tasks.c:82:6:task_display_change	32	static
D:/Col/UTN/curso-lse/trabajo_integrador/integrador_final/Codigo/app_tasks.c:97:6:task_pwm	32	static
D:/Col/UTN/curso-lse/trabajo_integrador/integrador_final/Codigo/app_tasks.c:118:6:task_bh1750	32	static
D:/Col/UTN/curso-lse/trabajo_integrador/integrador_final/Codigo/app_tasks.c:138:6:task_buzzer	48	static
D:/Col/UTN/curso-lse/trabajo_integrador/integrador_final/Codigo/app_tasks.c:163:7:task_display	64	static
D:/Col/UTN/curso-lse/trabajo_integrador/integrador_final/Codigo/app_tasks.c:192:6:task_counter_btns	56	static
D:/Col/UTN/curso-lse/trabajo_integrador/integrador_final/Codigo/app_tasks.c:213:6:task_user	16	static
D:/Col/UTN/curso-lse/trabajo_integrador/integrador_final/Codigo/app_tasks.c:231:6:task_ledmulti	32	static
D:/Col/UTN/curso-lse/trabajo_integrador/integrador_final/Codigo/app_tasks.c:257:6:task_terminal	56	static
